 Lowkey_stub

 Timestamp is 6464b696 (Wed May 17 13:12:22 2023)

 Preferred load address is 0000000140000000

 Start         Length     Name                   Class
 0001:00000000 00000000H .data                   CODE
 0001:00000000 000018c0H .rdata                  CODE
 0001:000018c0 000000d0H .rdata$voltmd           CODE
 0001:00001990 00027230H .text$mn                CODE
 0001:00028bc0 00001194H .text$mn$LZMADECOPT     CODE
 0001:00029d54 00001cccH .xdata                  CODE
 0001:0002ba20 00000048H .bss                    CODE
 0001:0002ba68 00000000H .edata                  CODE
 0002:00000000 00001a10H .pdata                  DATA

  Address         Publics by Value              Rva+Base               Lib:Object

 0000:00000000       __guard_eh_cont_count      0000000000000000     <absolute>
 0000:00000000       __guard_flags              0000000000000000     <absolute>
 0000:00000000       __hybrid_code_map          0000000000000000     <absolute>
 0000:00000000       __AbsoluteZero             0000000000000000     <absolute>
 0000:00000000       __guard_iat_table          0000000000000000     <absolute>
 0000:00000000       __guard_fids_table         0000000000000000     <absolute>
 0000:00000000       __guard_fids_count         0000000000000000     <absolute>
 0000:00000000       __guard_iat_count          0000000000000000     <absolute>
 0000:00000000       __arm64x_extra_rfe_table   0000000000000000     <absolute>
 0000:00000000       __hybrid_code_map_count    0000000000000000     <absolute>
 0000:00000000       __arm64x_extra_rfe_table_size 0000000000000000     <absolute>
 0000:00000000       __guard_longjmp_count      0000000000000000     <absolute>
 0000:00000000       __x64_code_ranges_to_entry_points 0000000000000000     <absolute>
 0000:00000000       __hybrid_auxiliary_iat_copy 0000000000000000     <absolute>
 0000:00000000       __arm64x_redirection_metadata 0000000000000000     <absolute>
 0000:00000000       __arm64x_native_entrypoint 0000000000000000     <absolute>
 0000:00000000       __dynamic_value_reloc_table 0000000000000000     <absolute>
 0000:00000000       __guard_eh_cont_table      0000000000000000     <absolute>
 0000:00000000       __guard_longjmp_table      0000000000000000     <absolute>
 0000:00000000       __enclave_config           0000000000000000     <absolute>
 0000:00000000       __x64_code_ranges_to_entry_points_count 0000000000000000     <absolute>
 0000:00000000       __arm64x_redirection_metadata_count 0000000000000000     <absolute>
 0000:00000000       __hybrid_auxiliary_iat     0000000000000000     <absolute>
 0000:00000000       __guard_check_icall_a64n_fptr 0000000000000000     <absolute>
 0000:00000000       __ImageBase                0000000140000000     <linker-defined>
 0001:00001360       price_table                0000000140002360     fast-lzma2:range_enc.obj
 0001:00001460       ??_C@_05PLEPIPMI@1?40?41@  0000000140002460     fast-lzma2:fl2_common.obj
 0001:00001468       ??_C@_0BH@FPECGIJP@Unspecified?5error?5code@ 0000000140002468     fast-lzma2:fl2_common.obj
 0001:00001480       ??_C@_0BC@CGABJKLB@No?5error?5detected@ 0000000140002480     fast-lzma2:fl2_common.obj
 0001:00001498       ??_C@_0BA@DBAOFFDH@Error?5?$CIgeneric?$CJ@ 0000000140002498     fast-lzma2:fl2_common.obj
 0001:000014a8       ??_C@_0BF@IKCFIAL@Internal?5error?5?$CIbug?$CJ@ 00000001400024a8     fast-lzma2:fl2_common.obj
 0001:000014c0       ??_C@_0BJ@MIJEMJMC@Corrupted?5block?5detected@ 00000001400024c0     fast-lzma2:fl2_common.obj
 0001:000014e0       ??_C@_0CF@FHJGNGOI@Restored?5data?5doesn?8t?5match?5che@ 00000001400024e0     fast-lzma2:fl2_common.obj
 0001:00001508       ??_C@_0BG@DMEANILI@Unsupported?5parameter@ 0000000140002508     fast-lzma2:fl2_common.obj
 0001:00001520       ??_C@_0BK@KLAFINGH@Parameter?5is?5out?5of?5bound@ 0000000140002520     fast-lzma2:fl2_common.obj
 0001:00001540       ??_C@_0BF@PJMMIBBA@Parameters?5lc?$CLlp?5?$DO?54@ 0000000140002540     fast-lzma2:fl2_common.obj
 0001:00001558       ??_C@_0CH@NKGCAOAJ@Not?5possible?5at?5this?5stage?5of?5e@ 0000000140002558     fast-lzma2:fl2_common.obj
 0001:00001580       ??_C@_0BN@BEPNPMBD@Context?5should?5be?5init?5first@ 0000000140002580     fast-lzma2:fl2_common.obj
 0001:000015a0       ??_C@_0CF@KHFHKNHC@Allocation?5error?5?3?5not?5enough?5m@ 00000001400025a0     fast-lzma2:fl2_common.obj
 0001:000015c8       ??_C@_0CA@LGGNAFE@Destination?5buffer?5is?5too?5small@ 00000001400025c8     fast-lzma2:fl2_common.obj
 0001:000015e8       ??_C@_0BG@MPKHBJLM@Src?5size?5is?5incorrect@ 00000001400025e8     fast-lzma2:fl2_common.obj
 0001:00001600       ??_C@_0FA@PMLMKIMO@Processing?5was?5canceled?5by?5a?5ca@ 0000000140002600     fast-lzma2:fl2_common.obj
 0001:00001650       ??_C@_0DG@IHMKDJJB@Streaming?5progress?5halted?5due?5t@ 0000000140002650     fast-lzma2:fl2_common.obj
 0001:00001690       ??_C@_0FA@DDIFMIBK@Wait?5timed?5out?4?5Timeouts?5should@ 0000000140002690     fast-lzma2:fl2_common.obj
 0001:000016e0       ??_C@_0BM@CCNNPIEC@Cannot?5open?5directory?5?8?$CFs?8?6@ 00000001400026e0     fast-lzma2:util.obj
 0001:000016fc       ??_C@_02DJGKEECL@?4?4@     00000001400026fc     fast-lzma2:util.obj
 0001:00001700       ??_C@_01LFCBOECM@?4@       0000000140002700     fast-lzma2:util.obj
 0001:00001708       ??_C@_0CM@LFCIGDJJ@ERROR?3?5QueryPerformanceFrequenc@ 0000000140002708     fast-lzma2:util.obj
 0001:00001738       ??_C@_0BP@KHGALBC@GetLogicalProcessorInformation@ 0000000140002738     fast-lzma2:util.obj
 0001:00001758       ??_C@_08PNLNEKOB@kernel32@ 0000000140002758     fast-lzma2:util.obj
 0001:00001764       ??_C@_04KBFMJBNB@zstd@     0000000140002764     fast-lzma2:util.obj
 0001:00001770       ??_C@_0BL@EOGMDHJD@Forward?5link?5at?5?$CFX?5to?5?$CFu?$AN?6@ 0000000140002770     fast-lzma2:radix_struct.obj
 0001:00001790       ??_C@_0DH@DLFGGKIB@Failed?5integrity?5check?3?5pos?5?$CFX?0@ 0000000140002790     fast-lzma2:radix_struct.obj
 0001:000017c8       ??_C@_0CC@MGFECPLC@Shortened?5match?5at?5?$CFX?3?5?$CFu?5of?5?$CFu@ 00000001400027c8     fast-lzma2:radix_struct.obj
 0001:000017f0       __xmm@00000004000000020000000800000001 00000001400027f0     mmLoader.obj
 0001:00001800       __xmm@00000040000000200000008000000010 0000000140002800     mmLoader.obj
 0001:00001810       __xmm@41656c646e6148656c75646f4d746547 0000000140002810     mmLoader.obj
 0001:00001820       __xmm@ffffffffffffffffffffffffffffffff 0000000140002820     mmLoader.obj
 0001:00001830       __imp_GetModuleHandleA     0000000140002830     <linker-defined>
 0001:00001838       __imp_GetLastError         0000000140002838     <linker-defined>
 0001:00001840       __imp_WaitForSingleObject  0000000140002840     <linker-defined>
 0001:00001848       __imp_DeleteCriticalSection 0000000140002848     <linker-defined>
 0001:00001850       __imp_InitializeConditionVariable 0000000140002850     <linker-defined>
 0001:00001858       __imp_InitializeCriticalSection 0000000140002858     <linker-defined>
 0001:00001860       __imp_LeaveCriticalSection 0000000140002860     <linker-defined>
 0001:00001868       __imp_WakeConditionVariable 0000000140002868     <linker-defined>
 0001:00001870       __imp_WakeAllConditionVariable 0000000140002870     <linker-defined>
 0001:00001878       __imp_EnterCriticalSection 0000000140002878     <linker-defined>
 0001:00001880       __imp_SleepConditionVariableCS 0000000140002880     <linker-defined>
 0001:00001888       __imp_QueryPerformanceCounter 0000000140002888     <linker-defined>
 0001:00001890       __imp_GetProcAddress       0000000140002890     <linker-defined>
 0001:00001898       __imp_GetSystemInfo        0000000140002898     <linker-defined>
 0001:000018a0       __imp_QueryPerformanceFrequency 00000001400028a0     <linker-defined>
 0001:000018a8       __imp_FindClose            00000001400028a8     <linker-defined>
 0001:000018b0       __imp_FindNextFileA        00000001400028b0     <linker-defined>
 0001:000018b8       __imp_FindFirstFileA       00000001400028b8     <linker-defined>
 0001:000018c0       __volatile_metadata        00000001400028c0     <linker-defined>
 0001:00001da0       AES_init_ctx               0000000140002da0 f   aes.obj
 0001:00001db0       AES_init_ctx_iv            0000000140002db0 f   aes.obj
 0001:00001dd0       AES_ctx_set_iv             0000000140002dd0 f   aes.obj
 0001:00002720       AES_ECB_encrypt            0000000140003720 f   aes.obj
 0001:00002730       AES_ECB_decrypt            0000000140003730 f   aes.obj
 0001:00002770       AES_CBC_encrypt_buffer     0000000140003770 f   aes.obj
 0001:00002810       AES_CBC_decrypt_buffer     0000000140003810 f   aes.obj
 0001:000028b0       AES_CTR_xcrypt_buffer      00000001400038b0 f   aes.obj
 0001:00002bc0       MemModuleHelper            0000000140003bc0 f   mmLoader.obj
 0001:00002de0       LoadMemModuleInternal      0000000140003de0 f   mmLoader.obj
 0001:00003770       LoadMemModule              0000000140004770 f   mmLoader.obj
 0001:00003830       FreeMemModuleInternal      0000000140004830 f   mmLoader.obj
 0001:000038b0       FreeMemModule              00000001400048b0 f   mmLoader.obj
 0001:00003950       GetMemModuleProcInternal   0000000140004950 f   mmLoader.obj
 0001:00003a50       GetMemModuleProc           0000000140004a50 f   mmLoader.obj
 0001:00003b50       _GetProcAddress            0000000140004b50 f   mmLoader.obj
 0001:00003c30       _GetModuleHandle           0000000140004c30 f   mmLoader.obj
 0001:00003cf0       InitApiTable               0000000140004cf0 f   mmLoader.obj
 0001:00004180       IsValidPEFormat            0000000140005180 f   mmLoader.obj
 0001:000041f0       MapMemModuleSections       00000001400051f0 f   mmLoader.obj
 0001:00004630       RelocateModuleBase         0000000140005630 f   mmLoader.obj
 0001:00004780       ResolveImportTable         0000000140005780 f   mmLoader.obj
 0001:000048f0       SetMemProtectStatus        00000001400058f0 f   mmLoader.obj
 0001:00004a60       ExecuteTLSCallback         0000000140005a60 f   mmLoader.obj
 0001:00004ae0       CallModuleEntry            0000000140005ae0 f   mmLoader.obj
 0001:00004b20       GetExportedProcAddress     0000000140005b20 f   mmLoader.obj
 0001:00004bf0       UnmapMemModule             0000000140005bf0 f   mmLoader.obj
 0001:00004c40       GetCRC32                   0000000140005c40 f   mmLoader.obj
 0001:00004d50       mml_strlenA                0000000140005d50 f   mmLoader.obj
 0001:00004d70       mml_strcmpA                0000000140005d70 f   mmLoader.obj
 0001:00004da0       mml_stricmpW               0000000140005da0 f   mmLoader.obj
 0001:00004e00       mml_strcpyW                0000000140005e00 f   mmLoader.obj
 0001:00004e30       mml_memset                 0000000140005e30 f   mmLoader.obj
 0001:00004e80       mml_memmove                0000000140005e80 f   mmLoader.obj
 0001:00004ef0       mmLoaderCodeEnd            0000000140005ef0 f   mmLoader.obj
 0001:00004f00       ?func_unpack@@YAXXZ        0000000140005f00 f   stub.obj
 0001:000050e0       _InlineInterlockedAdd      00000001400060e0 f i fast-lzma2:fl2_decompress.obj
 0001:000050f0       FL2_findDecompressedSize   00000001400060f0 f   fast-lzma2:fl2_decompress.obj
 0001:00005180       LZMA2_getDictSizeFromProp  0000000140006180 f   fast-lzma2:lzma2_dec.obj
 0001:00005180       FL2_getDictSizeFromProp    0000000140006180 f   fast-lzma2:fl2_decompress.obj
 0001:000051b0       FL2_decompress             00000001400061b0 f   fast-lzma2:fl2_decompress.obj
 0001:000051b0       FL2_decompressMt           00000001400061b0 f   fast-lzma2:fl2_decompress.obj
 0001:00005230       FL2_createDCtx             0000000140006230 f   fast-lzma2:fl2_decompress.obj
 0001:00005240       FL2_createDCtxMt           0000000140006240 f   fast-lzma2:fl2_decompress.obj
 0001:000055a0       FL2_freeDCtx               00000001400065a0 f   fast-lzma2:fl2_decompress.obj
 0001:000056f0       FL2_getDCtxThreadCount     00000001400066f0 f   fast-lzma2:fl2_decompress.obj
 0001:00005ec0       FL2_initDCtx               0000000140006ec0 f   fast-lzma2:fl2_decompress.obj
 0001:00005ee0       FL2_decompressDCtx         0000000140006ee0 f   fast-lzma2:fl2_decompress.obj
 0001:00007b10       FL2_createDStream          0000000140008b10 f   fast-lzma2:fl2_decompress.obj
 0001:00007bd0       FL2_createDStreamMt        0000000140008bd0 f   fast-lzma2:fl2_decompress.obj
 0001:00007c90       FL2_freeDStream            0000000140008c90 f   fast-lzma2:fl2_decompress.obj
 0001:00007d40       FL2_setDStreamMemoryLimitMt 0000000140008d40 f   fast-lzma2:fl2_decompress.obj
 0001:00007d50       FL2_initDStream            0000000140008d50 f   fast-lzma2:fl2_decompress.obj
 0001:00007e50       FL2_setDStreamTimeout      0000000140008e50 f   fast-lzma2:fl2_decompress.obj
 0001:00007ec0       FL2_waitDStream            0000000140008ec0 f   fast-lzma2:fl2_decompress.obj
 0001:00007ef0       FL2_cancelDStream          0000000140008ef0 f   fast-lzma2:fl2_decompress.obj
 0001:00007fe0       FL2_getDStreamProgress     0000000140008fe0 f   fast-lzma2:fl2_decompress.obj
 0001:00008210       FL2_initDStream_withProp   0000000140009210 f   fast-lzma2:fl2_decompress.obj
 0001:000087b0       FL2_decompressStream       00000001400097b0 f   fast-lzma2:fl2_decompress.obj
 0001:00008940       FL2_estimateDCtxSize       0000000140009940 f   fast-lzma2:fl2_decompress.obj
 0001:00008970       FL2_estimateDStreamSize    0000000140009970 f   fast-lzma2:fl2_decompress.obj
 0001:00008a60       XXH32_hashFromCanonical    0000000140009a60 f   fast-lzma2:xxhash.obj
 0001:00008a80       XXH64_hashFromCanonical    0000000140009a80 f   fast-lzma2:xxhash.obj
 0001:00008a90       XXH_versionNumber          0000000140009a90 f   fast-lzma2:xxhash.obj
 0001:00008aa0       XXH32_copyState            0000000140009aa0 f   fast-lzma2:xxhash.obj
 0001:00008ac0       XXH64_copyState            0000000140009ac0 f   fast-lzma2:xxhash.obj
 0001:00008cd0       XXH32                      0000000140009cd0 f   fast-lzma2:xxhash.obj
 0001:00009140       XXH64                      000000014000a140 f   fast-lzma2:xxhash.obj
 0001:00009370       XXH32_createState          000000014000a370 f   fast-lzma2:xxhash.obj
 0001:00009380       XXH32_freeState            000000014000a380 f   fast-lzma2:xxhash.obj
 0001:00009380       XXH64_freeState            000000014000a380 f   fast-lzma2:xxhash.obj
 0001:00009390       XXH64_createState          000000014000a390 f   fast-lzma2:xxhash.obj
 0001:000093a0       XXH32_reset                000000014000a3a0 f   fast-lzma2:xxhash.obj
 0001:00009400       XXH64_reset                000000014000a400 f   fast-lzma2:xxhash.obj
 0001:000096b0       XXH32_update               000000014000a6b0 f   fast-lzma2:xxhash.obj
 0001:00009920       XXH32_digest               000000014000a920 f   fast-lzma2:xxhash.obj
 0001:00009c00       XXH64_update               000000014000ac00 f   fast-lzma2:xxhash.obj
 0001:00009f90       XXH64_digest               000000014000af90 f   fast-lzma2:xxhash.obj
 0001:0000a160       XXH32_canonicalFromHash    000000014000b160 f   fast-lzma2:xxhash.obj
 0001:0000a170       XXH64_canonicalFromHash    000000014000b170 f   fast-lzma2:xxhash.obj
 0001:0000a180       FL2_versionNumber          000000014000b180 f   fast-lzma2:fl2_common.obj
 0001:0000a190       FL2_versionString          000000014000b190 f   fast-lzma2:fl2_common.obj
 0001:0000a1a0       LZMA2_compressBound        000000014000b1a0 f   fast-lzma2:lzma2_enc.obj
 0001:0000a1a0       FL2_compressBound          000000014000b1a0 f   fast-lzma2:fl2_common.obj
 0001:0000a1d0       FL2_isError                000000014000b1d0 f   fast-lzma2:fl2_common.obj
 0001:0000a1e0       FL2_isTimedOut             000000014000b1e0 f   fast-lzma2:fl2_common.obj
 0001:0000a1f0       FL2_getErrorName           000000014000b1f0 f   fast-lzma2:fl2_common.obj
 0001:0000a300       FL2_getErrorCode           000000014000b300 f   fast-lzma2:fl2_common.obj
 0001:0000a310       FL2_getErrorString         000000014000b310 f   fast-lzma2:fl2_common.obj
 0001:0000acd0       LZMA_constructDCtx         000000014000bcd0 f   fast-lzma2:lzma2_dec.obj
 0001:0000ad30       LZMA_destructDCtx          000000014000bd30 f   fast-lzma2:lzma2_dec.obj
 0001:0000adc0       LZMA2_decMemoryUsage       000000014000bdc0 f   fast-lzma2:lzma2_dec.obj
 0001:0000ae00       LZMA2_initDecoder          000000014000be00 f   fast-lzma2:lzma2_dec.obj
 0001:0000b660       LZMA2_decodeToDic          000000014000c660 f   fast-lzma2:lzma2_dec.obj
 0001:0000b720       LZMA2_decodeToBuf          000000014000c720 f   fast-lzma2:lzma2_dec.obj
 0001:0000b880       LZMA2_getUnpackSize        000000014000c880 f   fast-lzma2:lzma2_dec.obj
 0001:0000b9a0       LZMA2_parseInput           000000014000c9a0 f   fast-lzma2:lzma2_dec.obj
 0001:0000bad0       FL2_pthread_create         000000014000cad0 f   fast-lzma2:fl2_threading.obj
 0001:0000bb30       FL2_pthread_join           000000014000cb30 f   fast-lzma2:fl2_threading.obj
 0001:0000bb70       FL2_checkNbThreads         000000014000cb70 f   fast-lzma2:fl2_threading.obj
 0001:0000bd90       FL2POOL_create             000000014000cd90 f   fast-lzma2:fl2_pool.obj
 0001:0000bfb0       FL2POOL_free               000000014000cfb0 f   fast-lzma2:fl2_pool.obj
 0001:0000c060       FL2POOL_sizeof             000000014000d060 f   fast-lzma2:fl2_pool.obj
 0001:0000c080       FL2POOL_addRange           000000014000d080 f   fast-lzma2:fl2_pool.obj
 0001:0000c100       FL2POOL_add                000000014000d100 f   fast-lzma2:fl2_pool.obj
 0001:0000c170       FL2POOL_waitAll            000000014000d170 f   fast-lzma2:fl2_pool.obj
 0001:0000c250       FL2POOL_threadsBusy        000000014000d250 f   fast-lzma2:fl2_pool.obj
 0001:0000c830       LZMA2_createECtx           000000014000d830 f   fast-lzma2:lzma2_enc.obj
 0001:0000c8c0       LZMA2_freeECtx             000000014000d8c0 f   fast-lzma2:lzma2_enc.obj
 0001:0000f520       LZMA2_hashAlloc            0000000140010520 f   fast-lzma2:lzma2_enc.obj
 0001:00017a30       LZMA2_getDictSizeProp      0000000140018a30 f   fast-lzma2:lzma2_enc.obj
 0001:00017a80       LZMA2_encMemoryUsage       0000000140018a80 f   fast-lzma2:lzma2_enc.obj
 0001:0001f660       LZMA2_encode               0000000140020660 f   fast-lzma2:lzma2_enc.obj
 0001:0001fea0       __local_stdio_printf_options 0000000140020ea0 f i fast-lzma2:util.obj
 0001:0001feb0       _vfprintf_l                0000000140020eb0 f i fast-lzma2:util.obj
 0001:0001fee0       fprintf                    0000000140020ee0 f i fast-lzma2:util.obj
 0001:0001ff70       UTIL_fileExist             0000000140020f70 f   fast-lzma2:util.obj
 0001:0001ff90       UTIL_isRegularFile         0000000140020f90 f   fast-lzma2:util.obj
 0001:0001ffc0       UTIL_getFileStat           0000000140020fc0 f   fast-lzma2:util.obj
 0001:0001fff0       UTIL_setFileStat           0000000140020ff0 f   fast-lzma2:util.obj
 0001:000200a0       UTIL_isDirectory           00000001400210a0 f   fast-lzma2:util.obj
 0001:000200d0       UTIL_isLink                00000001400210d0 f   fast-lzma2:util.obj
 0001:000200e0       UTIL_getFileSize           00000001400210e0 f   fast-lzma2:util.obj
 0001:00020140       UTIL_getTotalFileSize      0000000140021140 f   fast-lzma2:util.obj
 0001:00020210       UTIL_prepareFileList       0000000140021210 f   fast-lzma2:util.obj
 0001:000204f0       UTIL_createFileList        00000001400214f0 f   fast-lzma2:util.obj
 0001:00020700       UTIL_getTime               0000000140021700 f   fast-lzma2:util.obj
 0001:00020720       UTIL_getSpanTimeMicro      0000000140021720 f   fast-lzma2:util.obj
 0001:000207a0       UTIL_getSpanTimeNano       00000001400217a0 f   fast-lzma2:util.obj
 0001:00020820       UTIL_clockSpanMicro        0000000140021820 f   fast-lzma2:util.obj
 0001:000208a0       UTIL_clockSpanNano         00000001400218a0 f   fast-lzma2:util.obj
 0001:00020920       UTIL_waitForNextTick       0000000140021920 f   fast-lzma2:util.obj
 0001:000209c0       UTIL_countPhysicalCores    00000001400219c0 f   fast-lzma2:util.obj
 0001:00021170       RMF_resetIncompleteBuild   0000000140022170 f   fast-lzma2:radix_mf.obj
 0001:000211a0       RMF_createMatchTable       00000001400221a0 f   fast-lzma2:radix_mf.obj
 0001:00021360       RMF_freeMatchTable         0000000140022360 f   fast-lzma2:radix_mf.obj
 0001:000213d0       RMF_compatibleParameters   00000001400223d0 f   fast-lzma2:radix_mf.obj
 0001:000214a0       RMF_applyParameters        00000001400224a0 f   fast-lzma2:radix_mf.obj
 0001:00021580       RMF_threadCount            0000000140022580 f   fast-lzma2:radix_mf.obj
 0001:00021590       RMF_initProgress           0000000140022590 f   fast-lzma2:radix_mf.obj
 0001:000215a0       RMF_initTable              00000001400225a0 f   fast-lzma2:radix_mf.obj
 0001:000221e0       RMF_recurseListChunk       00000001400231e0 f   fast-lzma2:radix_mf.obj
 0001:00022cd0       RMF_buildTable             0000000140023cd0 f   fast-lzma2:radix_mf.obj
 0001:00022d70       RMF_cancelBuild            0000000140023d70 f   fast-lzma2:radix_mf.obj
 0001:00022d80       RMF_integrityCheck         0000000140023d80 f   fast-lzma2:radix_mf.obj
 0001:00023050       RMF_limitLengths           0000000140024050 f   fast-lzma2:radix_mf.obj
 0001:00023130       RMF_getTableAsOutputBuffer 0000000140024130 f   fast-lzma2:radix_mf.obj
 0001:00023170       RMF_memoryUsage            0000000140024170 f   fast-lzma2:radix_mf.obj
 0001:000231c0       RC_setOutputBuffer         00000001400241c0 f   fast-lzma2:range_enc.obj
 0001:000231d0       RC_reset                   00000001400241d0 f   fast-lzma2:range_enc.obj
 0001:000231f0       RC_shiftLow                00000001400241f0 f   fast-lzma2:range_enc.obj
 0001:00023270       RC_encodeBitTree           0000000140024270 f   fast-lzma2:range_enc.obj
 0001:00023390       RC_encodeBitTreeReverse    0000000140024390 f   fast-lzma2:range_enc.obj
 0001:000234a0       RC_encodeDirect            00000001400244a0 f   fast-lzma2:range_enc.obj
 0001:00023500       RMF_structuredAsOutputBuffer 0000000140024500 f   fast-lzma2:radix_struct.obj
 0001:00023530       RMF_structuredLimitLengths 0000000140024530 f   fast-lzma2:radix_struct.obj
 0001:000235c0       printf                     00000001400245c0 f i fast-lzma2:radix_struct.obj
 0001:00023850       RMF_structuredInit         0000000140024850 f   fast-lzma2:radix_struct.obj
 0001:00024ad0       RMF_structuredBuildTable   0000000140025ad0 f   fast-lzma2:radix_struct.obj
 0001:00024cd0       RMF_structuredIntegrityCheck 0000000140025cd0 f   fast-lzma2:radix_struct.obj
 0001:00024e80       RMF_bitpackAsOutputBuffer  0000000140025e80 f   fast-lzma2:radix_bitpack.obj
 0001:00024e90       RMF_bitpackLimitLengths    0000000140025e90 f   fast-lzma2:radix_bitpack.obj
 0001:00025090       RMF_bitpackInit            0000000140026090 f   fast-lzma2:radix_bitpack.obj
 0001:00026080       RMF_bitpackBuildTable      0000000140027080 f   fast-lzma2:radix_bitpack.obj
 0001:00026280       RMF_bitpackIntegrityCheck  0000000140027280 f   fast-lzma2:radix_bitpack.obj
 0001:000263e0       crt_init                   00000001400273e0 f   msvcrt:pe_resolver.obj
 0001:00026400       memset                     0000000140027400 f   msvcrt:pe_resolver.obj
 0001:00026430       malloc                     0000000140027430 f   msvcrt:pe_resolver.obj
 0001:00026450       calloc                     0000000140027450 f   msvcrt:pe_resolver.obj
 0001:00026480       realloc                    0000000140027480 f   msvcrt:pe_resolver.obj
 0001:000264b0       free                       00000001400274b0 f   msvcrt:pe_resolver.obj
 0001:000264d0       memcpy                     00000001400274d0 f   msvcrt:pe_resolver.obj
 0001:00026510       memmove                    0000000140027510 f   msvcrt:pe_resolver.obj
 0001:00026550       exit                       0000000140027550 f   msvcrt:pe_resolver.obj
 0001:00026570       perror                     0000000140027570 f   msvcrt:pe_resolver.obj
 0001:00026590       time                       0000000140027590 f   msvcrt:pe_resolver.obj
 0001:000265b0       utime                      00000001400275b0 f   msvcrt:pe_resolver.obj
 0001:000265e0       _time64                    00000001400275e0 f   msvcrt:pe_resolver.obj
 0001:00026600       _utime64                   0000000140027600 f   msvcrt:pe_resolver.obj
 0001:00026630       _errno                     0000000140027630 f   msvcrt:pe_resolver.obj
 0001:00026650       _stat64                    0000000140027650 f   msvcrt:pe_resolver.obj
 0001:00026680       _chmod                     0000000140027680 f   msvcrt:pe_resolver.obj
 0001:000266b0       strlen                     00000001400276b0 f   msvcrt:pe_resolver.obj
 0001:000266d0       strcmp                     00000001400276d0 f   msvcrt:pe_resolver.obj
 0001:00026700       _beginthreadex             0000000140027700 f   msvcrt:pe_resolver.obj
 0001:00026750       __acrt_iob_func            0000000140027750 f   msvcrt:pe_resolver.obj
 0001:00026770       __stdio_common_vfprintf    0000000140027770 f   msvcrt:pe_resolver.obj
 0001:000267c0       __chkstk                   00000001400277c0 f   msvcrt:pe_resolver.obj
 0001:000267d0       ?_crt_init@@YAXXZ          00000001400277d0 f   msvcrt:pe_resolver_funcs.obj
 0001:00026860       ?_memset@@YAPEAXPEAXH_K@Z  0000000140027860 f   msvcrt:pe_resolver_funcs.obj
 0001:000268d0       ?h_malloc@@YAPEAX_K@Z      00000001400278d0 f   msvcrt:pe_resolver_funcs.obj
 0001:00026900       ?h_calloc@@YAPEAX_K0@Z     0000000140027900 f   msvcrt:pe_resolver_funcs.obj
 0001:00026940       ?h_realloc@@YAPEAXPEAX_K@Z 0000000140027940 f   msvcrt:pe_resolver_funcs.obj
 0001:00026980       ?h_free@@YAXPEAX@Z         0000000140027980 f   msvcrt:pe_resolver_funcs.obj
 0001:000269b0       ?h_memcpy@@YAPEAXPEAXPEBX_K@Z 00000001400279b0 f   msvcrt:pe_resolver_funcs.obj
 0001:00026a00       ?h_memset@@YAPEAXPEAXH_K@Z 0000000140027a00 f   msvcrt:pe_resolver_funcs.obj
 0001:00026a40       ?h_memmove@@YAPEAXPEAXPEBX_K@Z 0000000140027a40 f   msvcrt:pe_resolver_funcs.obj
 0001:00026a90       ?h_exit@@YAXH@Z            0000000140027a90 f   msvcrt:pe_resolver_funcs.obj
 0001:00026ac0       ?h_perror@@YAXPEBD@Z       0000000140027ac0 f   msvcrt:pe_resolver_funcs.obj
 0001:00026af0       ?h_stat64@@YAHPEBDPEAX@Z   0000000140027af0 f   msvcrt:pe_resolver_funcs.obj
 0001:00026b30       ?h_time@@YA_JPEA_J@Z       0000000140027b30 f   msvcrt:pe_resolver_funcs.obj
 0001:00026b60       ?h_utime@@YAHPEBDPEAX@Z    0000000140027b60 f   msvcrt:pe_resolver_funcs.obj
 0001:00026ba0       ?h_time64@@YA_JPEA_J@Z     0000000140027ba0 f   msvcrt:pe_resolver_funcs.obj
 0001:00026bd0       ?h_utime64@@YAHPEBDPEAX@Z  0000000140027bd0 f   msvcrt:pe_resolver_funcs.obj
 0001:00026c10       ?h__errno@@YAHXZ           0000000140027c10 f   msvcrt:pe_resolver_funcs.obj
 0001:00026c30       ?h_set_errno@@YAXH@Z       0000000140027c30 f   msvcrt:pe_resolver_funcs.obj
 0001:00026c70       ?h_chmod@@YAHPEBDH@Z       0000000140027c70 f   msvcrt:pe_resolver_funcs.obj
 0001:00026cb0       ?h_strlen@@YA_JPEBD@Z      0000000140027cb0 f   msvcrt:pe_resolver_funcs.obj
 0001:00026ce0       ?h_strcmp@@YAHPEBD0@Z      0000000140027ce0 f   msvcrt:pe_resolver_funcs.obj
 0001:00026d20       ?h_beginthreadex@@YAPEAXPEAXI00IPEAI@Z 0000000140027d20 f   msvcrt:pe_resolver_funcs.obj
 0001:00026d80       ?h_acrt_iob_func@@YAPEAXI@Z 0000000140027d80 f   msvcrt:pe_resolver_funcs.obj
 0001:00026db0       ?h_stdio_common_vfprintf@@YAH_KPEAXPEBD1PEAD@Z 0000000140027db0 f   msvcrt:pe_resolver_funcs.obj
 0001:00026e40       ??$find_in_module@$0BADGCPBK@@detail@li@@YA_K_K@Z 0000000140027e40 f i msvcrt:pe_resolver_funcs.obj
 0001:00026ea0       ??$find_in_module@$0BAIBLIL@@detail@li@@YA_K_K@Z 0000000140027ea0 f i msvcrt:pe_resolver_funcs.obj
 0001:00026f00       ??$find_in_module@$0CBMPGEFC@@detail@li@@YA_K_K@Z 0000000140027f00 f i msvcrt:pe_resolver_funcs.obj
 0001:00026f60       ??$find_in_module@$0DAHMMAAG@@detail@li@@YA_K_K@Z 0000000140027f60 f i msvcrt:pe_resolver_funcs.obj
 0001:00026fc0       ??$find_in_module@$0EKIOLLBF@@detail@li@@YA_K_K@Z 0000000140027fc0 f i msvcrt:pe_resolver_funcs.obj
 0001:00027020       ??$find_in_module@$0EPIHDMOG@@detail@li@@YA_K_K@Z 0000000140028020 f i msvcrt:pe_resolver_funcs.obj
 0001:00027080       ??$find_in_module@$0FFIMCHEN@@detail@li@@YA_K_K@Z 0000000140028080 f i msvcrt:pe_resolver_funcs.obj
 0001:000270e0       ??$find_in_module@$0FILKDNJH@@detail@li@@YA_K_K@Z 00000001400280e0 f i msvcrt:pe_resolver_funcs.obj
 0001:00027140       ??$find_in_module@$0FNDMJLOE@@detail@li@@YA_K_K@Z 0000000140028140 f i msvcrt:pe_resolver_funcs.obj
 0001:000271a0       ??$find_in_module@$0HDOCACAD@@detail@li@@YA_K_K@Z 00000001400281a0 f i msvcrt:pe_resolver_funcs.obj
 0001:00027200       ??$find_in_module@$0HELPNHFP@@detail@li@@YA_K_K@Z 0000000140028200 f i msvcrt:pe_resolver_funcs.obj
 0001:00027260       ??$find_in_module@$0IPLDJBEG@@detail@li@@YA_K_K@Z 0000000140028260 f i msvcrt:pe_resolver_funcs.obj
 0001:000272c0       ??$find_in_module@$0JJLDOONL@@detail@li@@YA_K_K@Z 00000001400282c0 f i msvcrt:pe_resolver_funcs.obj
 0001:00027320       ??$find_in_module@$0JNDGHAJE@@detail@li@@YA_K_K@Z 0000000140028320 f i msvcrt:pe_resolver_funcs.obj
 0001:00027380       ??$find_in_module@$0KEFMOMGE@@detail@li@@YA_K_K@Z 0000000140028380 f i msvcrt:pe_resolver_funcs.obj
 0001:000273e0       ??$find_in_module@$0LCHMNEEC@@detail@li@@YA_K_K@Z 00000001400283e0 f i msvcrt:pe_resolver_funcs.obj
 0001:00027440       ??$find_in_module@$0LEJLCEKJ@@detail@li@@YA_K_K@Z 0000000140028440 f i msvcrt:pe_resolver_funcs.obj
 0001:000274a0       ??$find_in_module@$0LPCGLDEF@@detail@li@@YA_K_K@Z 00000001400284a0 f i msvcrt:pe_resolver_funcs.obj
 0001:00027500       ??$find_in_module@$0MLIAMMAG@@detail@li@@YA_K_K@Z 0000000140028500 f i msvcrt:pe_resolver_funcs.obj
 0001:00027560       ??$find_in_module@$0MNONBKIF@@detail@li@@YA_K_K@Z 0000000140028560 f i msvcrt:pe_resolver_funcs.obj
 0001:000275c0       ??$find_in_module@$0ONFJOEAH@@detail@li@@YA_K_K@Z 00000001400285c0 f i msvcrt:pe_resolver_funcs.obj
 0001:00027620       ??$find_nocache@$0FDLCAHAP@@detail@li@@YA_KXZ 0000000140028620 f i msvcrt:pe_resolver_funcs.obj
 0001:00027650       ??$find_nocache@Uallow_all_modules@detail@li@@@detail@li@@YA_KIUallow_all_modules@01@@Z 0000000140028650 f i msvcrt:pe_resolver_funcs.obj
 0001:00027730       ??$hash@D@detail@li@@YAIPEBD@Z 0000000140028730 f i msvcrt:pe_resolver_funcs.obj
 0001:00027790       ??0exports_directory@detail@li@@QEAA@_K@Z 0000000140028790 f i msvcrt:pe_resolver_funcs.obj
 0001:000277d0       ??Bexports_directory@detail@li@@QEBA_NXZ 00000001400287d0 f i msvcrt:pe_resolver_funcs.obj
 0001:00027810       ??Rallow_all_modules@detail@li@@QEBA_NPEBULDR_DATA_TABLE_ENTRY_T@win@12@@Z 0000000140028810 f i msvcrt:pe_resolver_funcs.obj
 0001:00027820       ?address@exports_directory@detail@li@@QEBA_KK@Z 0000000140028820 f i msvcrt:pe_resolver_funcs.obj
 0001:00027880       ?crypt_get@?$xor_string@$$CBD$0L@U?$integer_sequence@_K$0HINDLFOKCAMBKMDD@$0?HAKIOIGLIEJGGM@@std@@U?$integer_sequence@_K$0A@$00@2@@jm@@QEAAPEBDXZ 0000000140028880 f i msvcrt:pe_resolver_funcs.obj
 0001:000279c0       ?image_export_dir@detail@li@@YAPEBUIMAGE_EXPORT_DIRECTORY@win@12@_K@Z 00000001400289c0 f i msvcrt:pe_resolver_funcs.obj
 0001:000279f0       ?ldr@detail@li@@YAPEBUPEB_LDR_DATA_T@win@12@XZ 00000001400289f0 f i msvcrt:pe_resolver_funcs.obj
 0001:00027a10       ?ldr_data_entry@detail@li@@YAPEBULDR_DATA_TABLE_ENTRY_T@win@12@XZ 0000000140028a10 f i msvcrt:pe_resolver_funcs.obj
 0001:00027a30       ?load_order_next@LDR_DATA_TABLE_ENTRY_T@win@detail@li@@QEBAPEBU1234@XZ 0000000140028a30 f i msvcrt:pe_resolver_funcs.obj
 0001:00027a40       ?name@exports_directory@detail@li@@QEBAPEBDK@Z 0000000140028a40 f i msvcrt:pe_resolver_funcs.obj
 0001:00027a80       ?nt_headers@detail@li@@YAPEBUIMAGE_NT_HEADERS@win@12@_K@Z 0000000140028a80 f i msvcrt:pe_resolver_funcs.obj
 0001:00027aa0       ?peb@detail@li@@YAPEBUPEB_T@win@12@XZ 0000000140028aa0 f i msvcrt:pe_resolver_funcs.obj
 0001:00027ab0       ?single@hash_t@detail@li@@SAXAEAID@Z 0000000140028ab0 f i msvcrt:pe_resolver_funcs.obj
 0001:00027ae0       ?size@exports_directory@detail@li@@QEBAKXZ 0000000140028ae0 f i msvcrt:pe_resolver_funcs.obj
 0001:00027b00       k32_init                   0000000140028b00 f   kernel32:pe_resolver_k32.obj
 0001:00027b20       WaitForSingleObject        0000000140028b20 f   kernel32:pe_resolver_k32.obj
 0001:00027b50       GetLastError               0000000140028b50 f   kernel32:pe_resolver_k32.obj
 0001:00027b70       GetProcAddress             0000000140028b70 f   kernel32:pe_resolver_k32.obj
 0001:00027ba0       Sleep                      0000000140028ba0 f   kernel32:pe_resolver_k32.obj
 0001:00027bc0       InitializeCriticalSection  0000000140028bc0 f   kernel32:pe_resolver_k32.obj
 0001:00027be0       DeleteCriticalSection      0000000140028be0 f   kernel32:pe_resolver_k32.obj
 0001:00027c00       EnterCriticalSection       0000000140028c00 f   kernel32:pe_resolver_k32.obj
 0001:00027c20       LeaveCriticalSection       0000000140028c20 f   kernel32:pe_resolver_k32.obj
 0001:00027c40       InitializeConditionVariable 0000000140028c40 f   kernel32:pe_resolver_k32.obj
 0001:00027c60       WakeConditionVariable      0000000140028c60 f   kernel32:pe_resolver_k32.obj
 0001:00027c80       WakeAllConditionVariable   0000000140028c80 f   kernel32:pe_resolver_k32.obj
 0001:00027ca0       SleepConditionVariableCS   0000000140028ca0 f   kernel32:pe_resolver_k32.obj
 0001:00027ce0       FindClose                  0000000140028ce0 f   kernel32:pe_resolver_k32.obj
 0001:00027d00       FindFirstFileA             0000000140028d00 f   kernel32:pe_resolver_k32.obj
 0001:00027d30       FindNextFileA              0000000140028d30 f   kernel32:pe_resolver_k32.obj
 0001:00027d60       QueryPerformanceCounter    0000000140028d60 f   kernel32:pe_resolver_k32.obj
 0001:00027d80       QueryPerformanceFrequency  0000000140028d80 f   kernel32:pe_resolver_k32.obj
 0001:00027da0       GetSystemInfo              0000000140028da0 f   kernel32:pe_resolver_k32.obj
 0001:00027dc0       GetModuleHandleW           0000000140028dc0 f   kernel32:pe_resolver_k32.obj
 0001:00027de0       GetModuleHandleA           0000000140028de0 f   kernel32:pe_resolver_k32.obj
 0001:00027e00       K32_InitializeConditionVariable 0000000140028e00 f   kernel32:pe_resolver_k32.obj
 0001:00027e20       ?_k32_init@@YAXXZ          0000000140028e20 f   kernel32:pe_resolver_k32_funcs.obj
 0001:00027eb0       ?h_GetLastError@@YAKXZ     0000000140028eb0 f   kernel32:pe_resolver_k32_funcs.obj
 0001:00027ed0       ?h_GetProcAddress@@YAPEAXPEAXPEBD@Z 0000000140028ed0 f   kernel32:pe_resolver_k32_funcs.obj
 0001:00027f10       ?h_WaitForSingleObject@@YAKPEAXK@Z 0000000140028f10 f   kernel32:pe_resolver_k32_funcs.obj
 0001:00027f50       ?h_Sleep@@YAXK@Z           0000000140028f50 f   kernel32:pe_resolver_k32_funcs.obj
 0001:00027f80       ?h_InitializeCriticalSection@@YAXPEAX@Z 0000000140028f80 f   kernel32:pe_resolver_k32_funcs.obj
 0001:00027fb0       ?h_DeleteCriticalSection@@YAXPEAX@Z 0000000140028fb0 f   kernel32:pe_resolver_k32_funcs.obj
 0001:00027fe0       ?h_EnterCriticalSection@@YAXPEAX@Z 0000000140028fe0 f   kernel32:pe_resolver_k32_funcs.obj
 0001:00028010       ?h_LeaveCriticalSection@@YAXPEAX@Z 0000000140029010 f   kernel32:pe_resolver_k32_funcs.obj
 0001:00028040       ?h_InitializeConditionVariable@@YAXPEAX@Z 0000000140029040 f   kernel32:pe_resolver_k32_funcs.obj
 0001:00028070       ?h_WakeConditionVariable@@YAXPEAX@Z 0000000140029070 f   kernel32:pe_resolver_k32_funcs.obj
 0001:000280a0       ?h_WakeAllConditionVariable@@YAXPEAX@Z 00000001400290a0 f   kernel32:pe_resolver_k32_funcs.obj
 0001:000280d0       ?h_SleepConditionVariableCS@@YAHPEAX0K@Z 00000001400290d0 f   kernel32:pe_resolver_k32_funcs.obj
 0001:00028120       ?h_FindClose@@YAHPEAX@Z    0000000140029120 f   kernel32:pe_resolver_k32_funcs.obj
 0001:00028150       ?h_FindFirstFileA@@YAPEAXPEBDPEAX@Z 0000000140029150 f   kernel32:pe_resolver_k32_funcs.obj
 0001:00028190       ?h_FindNextFileA@@YAHPEAX0@Z 0000000140029190 f   kernel32:pe_resolver_k32_funcs.obj
 0001:000281d0       ?h_QueryPerformanceCounter@@YAHPEAX@Z 00000001400291d0 f   kernel32:pe_resolver_k32_funcs.obj
 0001:00028200       ?h_QueryPerformanceFrequency@@YAHPEAX@Z 0000000140029200 f   kernel32:pe_resolver_k32_funcs.obj
 0001:00028230       ?h_GetSystemInfo@@YAXPEAX@Z 0000000140029230 f   kernel32:pe_resolver_k32_funcs.obj
 0001:00028260       ?h_GetModuleHandleW@@YAPEAXPEB_W@Z 0000000140029260 f   kernel32:pe_resolver_k32_funcs.obj
 0001:00028290       ?h_GetModuleHandleA@@YAPEAXPEBD@Z 0000000140029290 f   kernel32:pe_resolver_k32_funcs.obj
 0001:00028300       ??$find_in_module@$0CHMFPGIB@@detail@li@@YA_K_K@Z 0000000140029300 f i kernel32:pe_resolver_k32_funcs.obj
 0001:00028360       ??$find_in_module@$0CPKGCMKI@@detail@li@@YA_K_K@Z 0000000140029360 f i kernel32:pe_resolver_k32_funcs.obj
 0001:000283c0       ??$find_in_module@$0FAFGNPDH@@detail@li@@YA_K_K@Z 00000001400293c0 f i kernel32:pe_resolver_k32_funcs.obj
 0001:00028420       ??$find_in_module@$0GPENBDJI@@detail@li@@YA_K_K@Z 0000000140029420 f i kernel32:pe_resolver_k32_funcs.obj
 0001:00028480       ??$find_in_module@$0HBJEIMKE@@detail@li@@YA_K_K@Z 0000000140029480 f i kernel32:pe_resolver_k32_funcs.obj
 0001:000284e0       ??$find_in_module@$0JBNJMLOC@@detail@li@@YA_K_K@Z 00000001400294e0 f i kernel32:pe_resolver_k32_funcs.obj
 0001:00028540       ??$find_in_module@$0LBAOAIFB@@detail@li@@YA_K_K@Z 0000000140029540 f i kernel32:pe_resolver_k32_funcs.obj
 0001:000285a0       ??$find_in_module@$0LEEINFNE@@detail@li@@YA_K_K@Z 00000001400295a0 f i kernel32:pe_resolver_k32_funcs.obj
 0001:00028600       ??$find_in_module@$0LGPLGBCG@@detail@li@@YA_K_K@Z 0000000140029600 f i kernel32:pe_resolver_k32_funcs.obj
 0001:00028660       ??$find_in_module@$0MHANNDEA@@detail@li@@YA_K_K@Z 0000000140029660 f i kernel32:pe_resolver_k32_funcs.obj
 0001:000286c0       ??$find_in_module@$0NCGDLNOG@@detail@li@@YA_K_K@Z 00000001400296c0 f i kernel32:pe_resolver_k32_funcs.obj
 0001:00028720       ??$find_in_module@$0NHEICPFF@@detail@li@@YA_K_K@Z 0000000140029720 f i kernel32:pe_resolver_k32_funcs.obj
 0001:00028780       ??$find_in_module@$0NKHKEJJL@@detail@li@@YA_K_K@Z 0000000140029780 f i kernel32:pe_resolver_k32_funcs.obj
 0001:000287e0       ??$find_in_module@$0NNDFMGOG@@detail@li@@YA_K_K@Z 00000001400297e0 f i kernel32:pe_resolver_k32_funcs.obj
 0001:00028840       ??$find_in_module@$0ODHDFPFC@@detail@li@@YA_K_K@Z 0000000140029840 f i kernel32:pe_resolver_k32_funcs.obj
 0001:000288a0       ??$find_in_module@$0OEGDNKDM@@detail@li@@YA_K_K@Z 00000001400298a0 f i kernel32:pe_resolver_k32_funcs.obj
 0001:00028900       ??$find_in_module@$0OJBLEAHH@@detail@li@@YA_K_K@Z 0000000140029900 f i kernel32:pe_resolver_k32_funcs.obj
 0001:00028960       ??$find_in_module@$0PIPEFHCF@@detail@li@@YA_K_K@Z 0000000140029960 f i kernel32:pe_resolver_k32_funcs.obj
 0001:000289c0       ??$find_in_module@$0PJIODBAF@@detail@li@@YA_K_K@Z 00000001400299c0 f i kernel32:pe_resolver_k32_funcs.obj
 0001:00028a20       ??$find_in_module@$0PNNDEJPH@@detail@li@@YA_K_K@Z 0000000140029a20 f i kernel32:pe_resolver_k32_funcs.obj
 0001:00028a80       ?crypt_get@?$xor_string@$$CBD$0N@U?$integer_sequence@_K$0DGOABJPHLAINMJHJ@$0EBICPDAKLHJJMDEO@@std@@U?$integer_sequence@_K$0A@$00@2@@jm@@QEAAPEBDXZ 0000000140029a80 f i kernel32:pe_resolver_k32_funcs.obj
 0001:00028bc0       LZMA_decodeReal_3          0000000140029bc0 f   fast-lzma2:lzma_dec_x86_64.obj
 0001:0002ba20       ?msvcrtLib@@3_KA           000000014002ca20     msvcrt:pe_resolver_funcs.obj
 0001:0002ba28       ?kernel32Lib@@3_KA         000000014002ca28     kernel32:pe_resolver_k32_funcs.obj
 0001:0002ba30       __isa_available_default    000000014002ca30     aes.obj
 0001:0002ba30       __isa_available            000000014002ca30     * CIL library *:* CIL module *
 0001:0002ba54       g_utilDisplayLevel         000000014002ca54     <common>
 0001:0002ba58       ?_OptionsStorage@?1??__local_stdio_printf_options@@9@9 000000014002ca58     <common>
 0001:0002ba60       ?_OptionsStorage@?1??__local_stdio_scanf_options@@9@9 000000014002ca60     <common>

 entry point at        0001:00004f00

 Static symbols

 0001:fffff000       $unwind$??$find_nocache@$0FDLCAHAP@@detail@li@@YA_KXZ 0000000140000000     kernel32:pe_resolver_k32_funcs.obj
 0001:fffff000       $unwind$??$find_nocache@Uallow_all_modules@detail@li@@@detail@li@@YA_KIUallow_all_modules@01@@Z 0000000140000000     kernel32:pe_resolver_k32_funcs.obj
 0001:fffff000       $unwind$??$hash@D@detail@li@@YAIPEBD@Z 0000000140000000     kernel32:pe_resolver_k32_funcs.obj
 0001:fffff000       $unwind$??0exports_directory@detail@li@@QEAA@_K@Z 0000000140000000     kernel32:pe_resolver_k32_funcs.obj
 0001:fffff000       $unwind$??Bexports_directory@detail@li@@QEBA_NXZ 0000000140000000     kernel32:pe_resolver_k32_funcs.obj
 0001:fffff000       $unwind$?address@exports_directory@detail@li@@QEBA_KK@Z 0000000140000000     kernel32:pe_resolver_k32_funcs.obj
 0001:fffff000       $unwind$?image_export_dir@detail@li@@YAPEBUIMAGE_EXPORT_DIRECTORY@win@12@_K@Z 0000000140000000     kernel32:pe_resolver_k32_funcs.obj
 0001:fffff000       $unwind$?ldr@detail@li@@YAPEBUPEB_LDR_DATA_T@win@12@XZ 0000000140000000     kernel32:pe_resolver_k32_funcs.obj
 0001:fffff000       $unwind$?ldr_data_entry@detail@li@@YAPEBULDR_DATA_TABLE_ENTRY_T@win@12@XZ 0000000140000000     kernel32:pe_resolver_k32_funcs.obj
 0000:fffd1041       _volmd                     0000000140000041     mmLoader.obj
 0000:fffd1046       _volmd                     0000000140000046     mmLoader.obj
 0000:fffd1076       _volmd                     0000000140000076     stub.obj
 0000:fffd1078       _volmd                     0000000140000078     fast-lzma2:fl2_decompress.obj
 0000:fffd109c       _volmd                     000000014000009c     fast-lzma2:fl2_decompress.obj
 0000:fffd10c7       _volmd                     00000001400000c7     fast-lzma2:fl2_decompress.obj
 0000:fffd10de       _volmd                     00000001400000de     fast-lzma2:fl2_decompress.obj
 0000:fffd10e0       _volmd                     00000001400000e0     fast-lzma2:fl2_decompress.obj
 0000:fffd10e5       _volmd                     00000001400000e5     fast-lzma2:fl2_decompress.obj
 0000:fffd10f1       _volmd                     00000001400000f1     fast-lzma2:fl2_decompress.obj
 0000:fffd10fb       _volmd                     00000001400000fb     fast-lzma2:fl2_decompress.obj
 0000:fffd1106       _volmd                     0000000140000106     fast-lzma2:fl2_decompress.obj
 0000:fffd1110       _volmd                     0000000140000110     fast-lzma2:fl2_decompress.obj
 0000:fffd122f       _volmd                     000000014000022f     fast-lzma2:lzma2_enc.obj
 0000:fffd128e       _volmd                     000000014000028e     fast-lzma2:radix_mf.obj
 0000:fffd129e       _volmd                     000000014000029e     fast-lzma2:radix_mf.obj
 0000:fffd12a0       _volmd                     00000001400002a0     fast-lzma2:radix_mf.obj
 0000:fffd12d6       _volmd                     00000001400002d6     fast-lzma2:radix_struct.obj
 0000:fffd12d8       _volmd                     00000001400002d8     fast-lzma2:radix_struct.obj
 0000:fffd12fa       _volmd                     00000001400002fa     fast-lzma2:radix_bitpack.obj
 0000:fffd12fc       _volmd                     00000001400002fc     fast-lzma2:radix_bitpack.obj
 0001:00000000       sbox                       0000000140001000     aes.obj
 0001:00000100       rsbox                      0000000140001100     aes.obj
 0001:00000200       Rcon                       0000000140001200     aes.obj
 0001:0000020c       PRIME32_1                  000000014000120c     fast-lzma2:xxhash.obj
 0001:00000210       PRIME32_2                  0000000140001210     fast-lzma2:xxhash.obj
 0001:00000214       PRIME32_5                  0000000140001214     fast-lzma2:xxhash.obj
 0001:00000218       PRIME64_3                  0000000140001218     fast-lzma2:xxhash.obj
 0001:00000220       PRIME64_5                  0000000140001220     fast-lzma2:xxhash.obj
 0001:00000228       PRIME64_1                  0000000140001228     fast-lzma2:xxhash.obj
 0001:00000230       PRIME64_4                  0000000140001230     fast-lzma2:xxhash.obj
 0001:00000238       PRIME32_4                  0000000140001238     fast-lzma2:xxhash.obj
 0001:0000023c       g_one                      000000014000123c     fast-lzma2:xxhash.obj
 0001:00000240       PRIME64_2                  0000000140001240     fast-lzma2:xxhash.obj
 0001:00000248       PRIME32_3                  0000000140001248     fast-lzma2:xxhash.obj
 0001:0000024c       ?chunk_min_avg@?1??LZMA2_compressBound@@9@9 000000014000124c     fast-lzma2:lzma2_enc.obj
 0001:00000250       ?notErrorCode@?1??FL2_getErrorString@@9@9 0000000140001250     fast-lzma2:fl2_common.obj
 0001:00000258       ?margin_divisor@?2??LZMA2_isChunkIncompressible@@9@9 0000000140001258     fast-lzma2:lzma2_enc.obj
 0001:00000270       ?max_dist_table@?2??LZMA2_isChunkIncompressible@@9@9 0000000140001270     fast-lzma2:lzma2_enc.obj
 0001:000002e8       kLiteralNextStates         00000001400012e8     fast-lzma2:lzma2_enc.obj
 0001:00000300       distance_table             0000000140001300     fast-lzma2:lzma2_enc.obj
 0001:00001300       ?max_dist_table@?2??LZMA_encodeChunkFast@@9@9 0000000140002300     fast-lzma2:lzma2_enc.obj
 0001:00001318       kMatchNextStates           0000000140002318     fast-lzma2:lzma2_enc.obj
 0001:00001328       ?dev_table@?2??LZMA2_isChunkIncompressible@@9@9 0000000140002328     fast-lzma2:lzma2_enc.obj
 0001:00001338       kShortRepNextStates        0000000140002338     fast-lzma2:lzma2_enc.obj
 0001:00001348       kRepNextStates             0000000140002348     fast-lzma2:lzma2_enc.obj
 0001:00001990       KeyExpansion               0000000140002990 f   aes.obj
 0001:00001de0       AddRoundKey                0000000140002de0 f   aes.obj
 0001:00001e30       SubBytes                   0000000140002e30 f   aes.obj
 0001:00001e70       ShiftRows                  0000000140002e70 f   aes.obj
 0001:00001ee0       xtime                      0000000140002ee0 f   aes.obj
 0001:00001f00       MixColumns                 0000000140002f00 f   aes.obj
 0001:00001ff0       InvMixColumns              0000000140002ff0 f   aes.obj
 0001:00002290       InvSubBytes                0000000140003290 f   aes.obj
 0001:000022d0       InvShiftRows               00000001400032d0 f   aes.obj
 0001:00002340       Cipher                     0000000140003340 f   aes.obj
 0001:000025a0       InvCipher                  00000001400035a0 f   aes.obj
 0001:00002740       XorWithIv                  0000000140003740 f   aes.obj
 0001:00005700       FL2_decompressCtxBlock     0000000140006700 f   fast-lzma2:fl2_decompress.obj
 0001:000057d0       FL2_decompressCtxBlocksMt  00000001400067d0 f   fast-lzma2:fl2_decompress.obj
 0001:00005c10       FL2_resetMtBlocks          0000000140006c10 f   fast-lzma2:fl2_decompress.obj
 0001:00005c70       FL2_decompressDCtxMt       0000000140006c70 f   fast-lzma2:fl2_decompress.obj
 0001:00006140       FL2_decompressInput        0000000140007140 f   fast-lzma2:fl2_decompress.obj
 0001:000063b0       FL2_decompressOverlappedInput 00000001400073b0 f   fast-lzma2:fl2_decompress.obj
 0001:00006530       LZMA2_freeInbufNodeChain   0000000140007530 f   fast-lzma2:fl2_decompress.obj
 0001:00006590       LZMA2_freeExtraInbufNodes  0000000140007590 f   fast-lzma2:fl2_decompress.obj
 0001:000065f0       FL2_freeOutputBuffers      00000001400075f0 f   fast-lzma2:fl2_decompress.obj
 0001:00006670       FL2_lzma2DecMt_cleanup     0000000140007670 f   fast-lzma2:fl2_decompress.obj
 0001:000066e0       FL2_lzma2DecMt_free        00000001400076e0 f   fast-lzma2:fl2_decompress.obj
 0001:00006740       FL2_lzma2DecMt_init        0000000140007740 f   fast-lzma2:fl2_decompress.obj
 0001:000067e0       FL2_lzma2DecMt_initProp    00000001400077e0 f   fast-lzma2:fl2_decompress.obj
 0001:00006850       FL2_createInbufNode        0000000140007850 f   fast-lzma2:fl2_decompress.obj
 0001:000068c0       FL2_lzma2DecMt_create      00000001400078c0 f   fast-lzma2:fl2_decompress.obj
 0001:00006ac0       FL2_parseMt                0000000140007ac0 f   fast-lzma2:fl2_decompress.obj
 0001:00006c60       FL2_decompressBlockMt      0000000140007c60 f   fast-lzma2:fl2_decompress.obj
 0001:00006f70       FL2_writeStreamBlocks      0000000140007f70 f   fast-lzma2:fl2_decompress.obj
 0001:000070b0       FL2_decompressBlock        00000001400080b0 f   fast-lzma2:fl2_decompress.obj
 0001:000070f0       FL2_decompressBlocksMt     00000001400080f0 f   fast-lzma2:fl2_decompress.obj
 0001:000072a0       FL2_handleFinalChunkMt     00000001400082a0 f   fast-lzma2:fl2_decompress.obj
 0001:000073a0       FL2_loadInputMt            00000001400083a0 f   fast-lzma2:fl2_decompress.obj
 0001:00007680       FL2_decompressFailedMt     0000000140008680 f   fast-lzma2:fl2_decompress.obj
 0001:000077b0       FL2_decompressStreamMt     00000001400087b0 f   fast-lzma2:fl2_decompress.obj
 0001:00007b90       FL2_resetDStream           0000000140008b90 f   fast-lzma2:fl2_decompress.obj
 0001:00008000       FL2_initDStream_prop       0000000140009000 f   fast-lzma2:fl2_decompress.obj
 0001:00008380       FL2_decompressStream_blocking 0000000140009380 f   fast-lzma2:fl2_decompress.obj
 0001:00008780       FL2_decompressStream_async 0000000140009780 f   fast-lzma2:fl2_decompress.obj
 0001:000089f0       XXH_malloc                 00000001400099f0 f   fast-lzma2:xxhash.obj
 0001:00008a00       XXH_free                   0000000140009a00 f   fast-lzma2:xxhash.obj
 0001:00008a10       XXH_memcpy                 0000000140009a10 f   fast-lzma2:xxhash.obj
 0001:00008a30       MEM_read32                 0000000140009a30 f   fast-lzma2:lzma2_enc.obj
 0001:00008a30       MEM_readLE32               0000000140009a30 f   fast-lzma2:lzma2_enc.obj
 0001:00008a30       MEM_read32                 0000000140009a30 f   fast-lzma2:radix_bitpack.obj
 0001:00008a30       MEM_read32                 0000000140009a30 f   fast-lzma2:radix_mf.obj
 0001:00008a30       MEM_read32                 0000000140009a30 f   fast-lzma2:radix_struct.obj
 0001:00008a30       XXH_read32                 0000000140009a30 f   fast-lzma2:xxhash.obj
 0001:00008a40       MEM_readST                 0000000140009a40 f   fast-lzma2:lzma2_enc.obj
 0001:00008a40       XXH_read64                 0000000140009a40 f   fast-lzma2:xxhash.obj
 0001:00008a50       XXH_readLE32               0000000140009a50 f   fast-lzma2:xxhash.obj
 0001:00008a50       XXH_readLE32_align         0000000140009a50 f   fast-lzma2:xxhash.obj
 0001:00008a60       XXH_readBE32               0000000140009a60 f   fast-lzma2:xxhash.obj
 0001:00008a70       XXH_readLE64               0000000140009a70 f   fast-lzma2:xxhash.obj
 0001:00008a70       XXH_readLE64_align         0000000140009a70 f   fast-lzma2:xxhash.obj
 0001:00008a80       XXH_readBE64               0000000140009a80 f   fast-lzma2:xxhash.obj
 0001:00008b00       XXH32_round                0000000140009b00 f   fast-lzma2:xxhash.obj
 0001:00008b20       XXH32_endian_align         0000000140009b20 f   fast-lzma2:xxhash.obj
 0001:00008e10       XXH64_round                0000000140009e10 f   fast-lzma2:xxhash.obj
 0001:00008e40       XXH64_mergeRound           0000000140009e40 f   fast-lzma2:xxhash.obj
 0001:00008e80       XXH64_endian_align         0000000140009e80 f   fast-lzma2:xxhash.obj
 0001:00009490       XXH32_update_endian        000000014000a490 f   fast-lzma2:xxhash.obj
 0001:00009860       XXH32_digest_endian        000000014000a860 f   fast-lzma2:xxhash.obj
 0001:000099e0       XXH64_update_endian        000000014000a9e0 f   fast-lzma2:xxhash.obj
 0001:00009db0       XXH64_digest_endian        000000014000adb0 f   fast-lzma2:xxhash.obj
 0001:0000a1d0       IsError                    000000014000b1d0 f   fast-lzma2:fl2_common.obj
 0001:0000a2a4       $LN31                      000000014000b2a4     fast-lzma2:fl2_common.obj
 0001:0000a3b8       $LN23                      000000014000b3b8     fast-lzma2:fl2_common.obj
 0001:0000a410       LZMA_tryDummy              000000014000b410 f   fast-lzma2:lzma2_dec.obj
 0001:0000a8a0       LZMA_writeRem              000000014000b8a0 f   fast-lzma2:lzma2_dec.obj
 0001:0000a940       LZMA_decodeReal2           000000014000b940 f   fast-lzma2:lzma2_dec.obj
 0001:0000aac0       LZMA_initDicAndState       000000014000bac0 f   fast-lzma2:lzma2_dec.obj
 0001:0000aae0       LZMA_init                  000000014000bae0 f   fast-lzma2:lzma2_dec.obj
 0001:0000ab00       LZMA_initStateReal         000000014000bb00 f   fast-lzma2:lzma2_dec.obj
 0001:0000ab60       LZMA_decodeToDic           000000014000bb60 f   fast-lzma2:lzma2_dec.obj
 0001:0000acf0       LZMA_freeDict              000000014000bcf0 f   fast-lzma2:lzma2_dec.obj
 0001:0000ad70       LZMA2_dictBufSize          000000014000bd70 f   fast-lzma2:lzma2_dec.obj
 0001:0000af40       LZMA_updateWithUncompressed 000000014000bf40 f   fast-lzma2:lzma2_dec.obj
 0001:0000afa0       LZMA2_nextChunkInfo        000000014000bfa0 f   fast-lzma2:lzma2_dec.obj
 0001:0000b110       LZMA2_decodeChunkToDic     000000014000c110 f   fast-lzma2:lzma2_dec.obj
 0001:0000bab0       worker                     000000014000cab0 f   fast-lzma2:fl2_threading.obj
 0001:0000bcc0       FL2POOL_thread             000000014000ccc0 f   fast-lzma2:fl2_pool.obj
 0001:0000bf30       FL2POOL_join               000000014000cf30 f   fast-lzma2:fl2_pool.obj
 0001:0000c260       MEM_64bits                 000000014000d260 f   fast-lzma2:lzma2_enc.obj
 0001:0000c260       MEM_isLittleEndian         000000014000d260 f   fast-lzma2:lzma2_enc.obj
 0001:0000c260       MEM_64bits                 000000014000d260 f   fast-lzma2:radix_mf.obj
 0001:0000c270       MEM_read16                 000000014000d270 f   fast-lzma2:lzma2_enc.obj
 0001:0000c280       MEM_swap32                 000000014000d280 f   fast-lzma2:lzma2_enc.obj
 0001:0000c290       ZSTD_highbit32             000000014000d290 f   fast-lzma2:lzma2_enc.obj
 0001:0000c2a0       ZSTD_NbCommonBytes         000000014000d2a0 f   fast-lzma2:lzma2_enc.obj
 0001:0000c2b0       ZSTD_count                 000000014000d2b0 f   fast-lzma2:lzma2_enc.obj
 0001:0000c360       RC_encodeBit0              000000014000d360 f   fast-lzma2:lzma2_enc.obj
 0001:0000c3a0       RC_encodeBit1              000000014000d3a0 f   fast-lzma2:lzma2_enc.obj
 0001:0000c3f0       RC_encodeBit               000000014000d3f0 f   fast-lzma2:lzma2_enc.obj
 0001:0000c3f0       RC_encodeBit               000000014000d3f0 f   fast-lzma2:range_enc.obj
 0001:0000c450       RC_flush                   000000014000d450 f   fast-lzma2:lzma2_enc.obj
 0001:0000c470       RMF_bitpackExtendMatch     000000014000d470 f   fast-lzma2:lzma2_enc.obj
 0001:0000c520       RMF_structuredExtendMatch  000000014000d520 f   fast-lzma2:lzma2_enc.obj
 0001:0000c5e0       RMF_getMatch               000000014000d5e0 f   fast-lzma2:lzma2_enc.obj
 0001:0000c6e0       RMF_getNextMatch           000000014000d6e0 f   fast-lzma2:lzma2_enc.obj
 0001:0000c8f0       LZMA_getRepLen1Price       000000014000d8f0 f   fast-lzma2:lzma2_enc.obj
 0001:0000c930       LZMA_getRepPrice           000000014000d930 f   fast-lzma2:lzma2_enc.obj
 0001:0000c9d0       LZMA_getRepMatch0Price     000000014000d9d0 f   fast-lzma2:lzma2_enc.obj
 0001:0000ca20       LZMA_getLiteralPriceMatched 000000014000da20 f   fast-lzma2:lzma2_enc.obj
 0001:0000cab0       LZMA_encodeLiteral         000000014000dab0 f   fast-lzma2:lzma2_enc.obj
 0001:0000cc10       LZMA_encodeLiteralMatched  000000014000dc10 f   fast-lzma2:lzma2_enc.obj
 0001:0000cda0       LZMA_encodeLiteralBuf      000000014000dda0 f   fast-lzma2:lzma2_enc.obj
 0001:0000d050       LZMA_lengthStates_SetPrices 000000014000e050 f   fast-lzma2:lzma2_enc.obj
 0001:0000d0f0       LZMA_lengthStates_updatePrices 000000014000e0f0 f   fast-lzma2:lzma2_enc.obj
 0001:0000d390       LZMA_encodeLength_MidHigh  000000014000e390 f   fast-lzma2:lzma2_enc.obj
 0001:0000d4e0       LZMA_encodeLength          000000014000e4e0 f   fast-lzma2:lzma2_enc.obj
 0001:0000d590       LZMA_encodeRepMatchShort   000000014000e590 f   fast-lzma2:lzma2_enc.obj
 0001:0000d730       LZMA_encodeRepMatchLong    000000014000e730 f   fast-lzma2:lzma2_enc.obj
 0001:0000db30       LZMA_fastDistShift         000000014000eb30 f   fast-lzma2:lzma2_enc.obj
 0001:0000db40       LZMA_fastDistResult        000000014000eb40 f   fast-lzma2:lzma2_enc.obj
 0001:0000db60       LZMA_getDistSlot           000000014000eb60 f   fast-lzma2:lzma2_enc.obj
 0001:0000dba0       LZMA_encodeNormalMatch     000000014000eba0 f   fast-lzma2:lzma2_enc.obj
 0001:0000de50       LZMA_encodeChunkFast       000000014000ee50 f   fast-lzma2:lzma2_enc.obj
 0001:0000f2f0       LZMA_reverseOptimalChain   00000001400102f0 f   fast-lzma2:lzma2_enc.obj
 0001:0000f3a0       LZMA_getLiteralPrice       00000001400103a0 f   fast-lzma2:lzma2_enc.obj
 0001:0000f450       LZMA_hashReset             0000000140010450 f   fast-lzma2:lzma2_enc.obj
 0001:0000f490       LZMA_hashCreate            0000000140010490 f   fast-lzma2:lzma2_enc.obj
 0001:0000f550       LZMA_hashGetMatches        0000000140010550 f   fast-lzma2:lzma2_enc.obj
 0001:0000f750       LZMA_optimalParse          0000000140010750 f   fast-lzma2:lzma2_enc.obj
 0001:000109d0       LZMA_initMatchesPos0       00000001400119d0 f   fast-lzma2:lzma2_enc.obj
 0001:00010b50       LZMA_initMatchesPos0Best   0000000140011b50 f   fast-lzma2:lzma2_enc.obj
 0001:00010f70       LZMA_initOptimizerPos0     0000000140011f70 f   fast-lzma2:lzma2_enc.obj
 0001:00011570       LZMA_encodeOptimumSequence 0000000140012570 f   fast-lzma2:lzma2_enc.obj
 0001:00013a70       LZMA_fillAlignPrices       0000000140014a70 f   fast-lzma2:lzma2_enc.obj
 0001:00013d10       LZMA_fillDistancesPrices   0000000140014d10 f   fast-lzma2:lzma2_enc.obj
 0001:00014560       LZMA_encodeChunkBest       0000000140015560 f   fast-lzma2:lzma2_enc.obj
 0001:00017580       LZMA_lengthStates_Reset    0000000140018580 f   fast-lzma2:lzma2_enc.obj
 0001:000175d0       LZMA_encoderStates_Reset   00000001400185d0 f   fast-lzma2:lzma2_enc.obj
 0001:00017ab0       LZMA2_reset                0000000140018ab0 f   fast-lzma2:lzma2_enc.obj
 0001:00017b50       LZMA_getLcLpPbCode         0000000140018b50 f   fast-lzma2:lzma2_enc.obj
 0001:00017b70       LZMA2_isqrt                0000000140018b70 f   fast-lzma2:lzma2_enc.obj
 0001:00017bb0       LZMA2_isChunkIncompressible 0000000140018bb0 f   fast-lzma2:lzma2_enc.obj
 0001:00017f30       LZMA2_encodeChunk          0000000140018f30 f   fast-lzma2:lzma2_enc.obj
 0001:0001ff20       utime                      0000000140020f20 f   fast-lzma2:util.obj
 0001:0001ff30       time                       0000000140020f30 f   fast-lzma2:util.obj
 0001:0001ff40       UTIL_realloc               0000000140020f40 f   fast-lzma2:util.obj
 0001:00020af0       RMF_initTailTable          0000000140021af0 f   fast-lzma2:radix_mf.obj
 0001:00020b40       RMF_createBuilder          0000000140021b40 f   fast-lzma2:radix_mf.obj
 0001:00020be0       RMF_freeBuilderTable       0000000140021be0 f   fast-lzma2:radix_mf.obj
 0001:00020c30       RMF_createBuilderTable     0000000140021c30 f   fast-lzma2:radix_mf.obj
 0001:00020d90       RMF_isStruct               0000000140021d90 f   fast-lzma2:radix_mf.obj
 0001:00020da0       RMF_clampParams            0000000140021da0 f   fast-lzma2:radix_mf.obj
 0001:00020e30       RMF_calBufSize             0000000140021e30 f   fast-lzma2:radix_mf.obj
 0001:00020ec0       RMF_applyParameters_internal 0000000140021ec0 f   fast-lzma2:radix_mf.obj
 0001:00021150       RMF_reduceDict             0000000140022150 f   fast-lzma2:radix_mf.obj
 0001:00021170       RMF_initListHeads          0000000140022170 f   fast-lzma2:radix_mf.obj
 0001:00021730       RMF_handleRepeat           0000000140022730 f   fast-lzma2:radix_mf.obj
 0001:00021800       RMF_bruteForceBuffered     0000000140022800 f   fast-lzma2:radix_mf.obj
 0001:00021a90       RMF_recurseListChunk_generic 0000000140022a90 f   fast-lzma2:radix_mf.obj
 0001:00023610       RMF_handleRepeat           0000000140024610 f   fast-lzma2:radix_struct.obj
 0001:00023710       RMF_handleRepeat2          0000000140024710 f   fast-lzma2:radix_struct.obj
 0001:00023a30       RMF_recurseListsBuffered   0000000140024a30 f   fast-lzma2:radix_struct.obj
 0001:00024020       RMF_recurseListsBound      0000000140025020 f   fast-lzma2:radix_struct.obj
 0001:000243b0       RMF_bruteForce             00000001400253b0 f   fast-lzma2:radix_struct.obj
 0001:00024580       RMF_recurseLists16         0000000140025580 f   fast-lzma2:radix_struct.obj
 0001:00024a80       RMF_getNextList_mt         0000000140025a80 f   fast-lzma2:radix_bitpack.obj
 0001:00024a80       RMF_getNextList_mt         0000000140025a80 f   fast-lzma2:radix_struct.obj
 0001:00024ab0       RMF_getNextList_st         0000000140025ab0 f   fast-lzma2:radix_bitpack.obj
 0001:00024ab0       RMF_getNextList_st         0000000140025ab0 f   fast-lzma2:radix_struct.obj
 0001:00024ef0       RMF_handleRepeat           0000000140025ef0 f   fast-lzma2:radix_bitpack.obj
 0001:00024fa0       RMF_handleRepeat2          0000000140025fa0 f   fast-lzma2:radix_bitpack.obj
 0001:00025210       RMF_recurseListsBuffered   0000000140026210 f   fast-lzma2:radix_bitpack.obj
 0001:000257a0       RMF_recurseListsBound      00000001400267a0 f   fast-lzma2:radix_bitpack.obj
 0001:00025af0       RMF_bruteForce             0000000140026af0 f   fast-lzma2:radix_bitpack.obj
 0001:00025c90       RMF_recurseLists16         0000000140026c90 f   fast-lzma2:radix_bitpack.obj
 0001:00026e00       ??$?0V<lambda_a1556366b095aa2150c935b933ca6911>@@@?$xor_string@$$CBD$0L@U?$integer_sequence@_K$0HINDLFOKCAMBKMDD@$0?HAKIOIGLIEJGGM@@std@@U?$integer_sequence@_K$0A@$00@2@@jm@@QEAA@V<lambda_a1556366b095aa2150c935b933ca6911>@@U?$integral_constant@_K$0L@@std@@U?$integer_sequence@_K$0A@$00@4@@Z 0000000140027e00 f   msvcrt:pe_resolver_funcs.obj
 0001:000282c0       ??$?0V<lambda_b7a4393684037133104ef5c16751f4a8>@@@?$xor_string@$$CBD$0N@U?$integer_sequence@_K$0DGOABJPHLAINMJHJ@$0EBICPDAKLHJJMDEO@@std@@U?$integer_sequence@_K$0A@$00@2@@jm@@QEAA@V<lambda_b7a4393684037133104ef5c16751f4a8>@@U?$integral_constant@_K$0N@@std@@U?$integer_sequence@_K$0A@$00@4@@Z 00000001400292c0 f   kernel32:pe_resolver_k32_funcs.obj
 0001:00028bc0       $$000000                   0000000140029bc0     fast-lzma2:lzma_dec_x86_64.obj
 0001:00029d54       $unwind$KeyExpansion       000000014002ad54     aes.obj
 0001:00029d6c       $unwind$AES_init_ctx_iv    000000014002ad6c     aes.obj
 0001:00029d6c       $unwind$FL2_createDStreamMt 000000014002ad6c     fast-lzma2:fl2_decompress.obj
 0001:00029d6c       $unwind$FL2_createInbufNode 000000014002ad6c     fast-lzma2:fl2_decompress.obj
 0001:00029d6c       $unwind$FL2_decompressStream_async 000000014002ad6c     fast-lzma2:fl2_decompress.obj
 0001:00029d6c       $unwind$FL2_estimateDStreamSize 000000014002ad6c     fast-lzma2:fl2_decompress.obj
 0001:00029d6c       $unwind$FL2_waitDStream    000000014002ad6c     fast-lzma2:fl2_decompress.obj
 0001:00029d6c       $unwind$worker             000000014002ad6c     fast-lzma2:fl2_threading.obj
 0001:00029d6c       $unwind$LZMA_destructDCtx  000000014002ad6c     fast-lzma2:lzma2_dec.obj
 0001:00029d6c       $unwind$LZMA_freeDict      000000014002ad6c     fast-lzma2:lzma2_dec.obj
 0001:00029d6c       $unwind$RMF_createBuilder  000000014002ad6c     fast-lzma2:radix_mf.obj
 0001:00029d6c       $unwind$UTIL_clockSpanMicro 000000014002ad6c     fast-lzma2:util.obj
 0001:00029d6c       $unwind$UTIL_clockSpanNano 000000014002ad6c     fast-lzma2:util.obj
 0001:00029d6c       $unwind$UTIL_getFileStat   000000014002ad6c     fast-lzma2:util.obj
 0001:00029d6c       $unwind$UTIL_realloc       000000014002ad6c     fast-lzma2:util.obj
 0001:00029d6c       $unwind$UTIL_waitForNextTick 000000014002ad6c     fast-lzma2:util.obj
 0001:00029d6c       $unwind$XXH_memcpy         000000014002ad6c     fast-lzma2:xxhash.obj
 0001:00029d74       $unwind$AddRoundKey        000000014002ad74     aes.obj
 0001:00029d74       $unwind$RMF_handleRepeat   000000014002ad74     fast-lzma2:radix_bitpack.obj
 0001:00029d7c       $unwind$MixColumns         000000014002ad7c     aes.obj
 0001:00029d7c       $unwind$LZMA_fillAlignPrices 000000014002ad7c     fast-lzma2:lzma2_enc.obj
 0001:00029d90       $unwind$InvMixColumns      000000014002ad90     aes.obj
 0001:00029da8       $unwind$Cipher             000000014002ada8     aes.obj
 0001:00029dc0       $unwind$InvCipher          000000014002adc0     aes.obj
 0001:00029dc0       $unwind$LZMA_encodeLength_MidHigh 000000014002adc0     fast-lzma2:lzma2_enc.obj
 0001:00029dc0       $unwind$LZMA_encodeLiteral 000000014002adc0     fast-lzma2:lzma2_enc.obj
 0001:00029dc0       $unwind$XXH32_update       000000014002adc0     fast-lzma2:xxhash.obj
 0001:00029dd4       $unwind$AES_CBC_encrypt_buffer 000000014002add4     aes.obj
 0001:00029de4       $chain$0$AES_CBC_encrypt_buffer 000000014002ade4     aes.obj
 0001:00029df8       $chain$1$AES_CBC_encrypt_buffer 000000014002adf8     aes.obj
 0001:00029e08       $unwind$AES_CBC_decrypt_buffer 000000014002ae08     aes.obj
 0001:00029e14       $chain$1$AES_CBC_decrypt_buffer 000000014002ae14     aes.obj
 0001:00029e2c       $chain$2$AES_CBC_decrypt_buffer 000000014002ae2c     aes.obj
 0001:00029e3c       $unwind$AES_CTR_xcrypt_buffer 000000014002ae3c     aes.obj
 0001:00029e48       $chain$5$AES_CTR_xcrypt_buffer 000000014002ae48     aes.obj
 0001:00029e70       $chain$6$AES_CTR_xcrypt_buffer 000000014002ae70     aes.obj
 0001:00029e80       $unwind$MemModuleHelper    000000014002ae80     mmLoader.obj
 0001:00029e80       $unwind$LZMA_encodeRepMatchLong 000000014002ae80     fast-lzma2:lzma2_enc.obj
 0001:00029e98       $unwind$LoadMemModuleInternal 000000014002ae98     mmLoader.obj
 0001:00029eb4       $chain$3$LoadMemModuleInternal 000000014002aeb4     mmLoader.obj
 0001:00029ed4       $chain$4$LoadMemModuleInternal 000000014002aed4     mmLoader.obj
 0001:00029ee4       $unwind$LoadMemModule      000000014002aee4     mmLoader.obj
 0001:00029ee4       $unwind$FL2_decompressBlocksMt 000000014002aee4     fast-lzma2:fl2_decompress.obj
 0001:00029ee4       $unwind$LZMA_decodeReal2   000000014002aee4     fast-lzma2:lzma2_dec.obj
 0001:00029ee4       $unwind$LZMA_encodeLiteralBuf 000000014002aee4     fast-lzma2:lzma2_enc.obj
 0001:00029ee4       $unwind$LZMA_encodeLiteralMatched 000000014002aee4     fast-lzma2:lzma2_enc.obj
 0001:00029ee4       $unwind$RC_encodeBitTree   000000014002aee4     fast-lzma2:range_enc.obj
 0001:00029ee4       $unwind$XXH32_update_endian 000000014002aee4     fast-lzma2:xxhash.obj
 0001:00029efc       $unwind$FreeMemModuleInternal 000000014002aefc     mmLoader.obj
 0001:00029efc       $unwind$UnmapMemModule     000000014002aefc     mmLoader.obj
 0001:00029efc       $unwind$FL2_lzma2DecMt_free 000000014002aefc     fast-lzma2:fl2_decompress.obj
 0001:00029efc       $unwind$LZMA2_freeECtx     000000014002aefc     fast-lzma2:lzma2_enc.obj
 0001:00029f04       $chain$0$FreeMemModuleInternal 000000014002af04     mmLoader.obj
 0001:00029f18       $chain$1$FreeMemModuleInternal 000000014002af18     mmLoader.obj
 0001:00029f28       $unwind$FreeMemModule      000000014002af28     mmLoader.obj
 0001:00029f28       $unwind$FL2_lzma2DecMt_init 000000014002af28     fast-lzma2:fl2_decompress.obj
 0001:00029f30       $chain$0$FreeMemModule     000000014002af30     mmLoader.obj
 0001:00029f44       $chain$1$FreeMemModule     000000014002af44     mmLoader.obj
 0001:00029f54       $unwind$GetMemModuleProc   000000014002af54     mmLoader.obj
 0001:00029f54       $unwind$GetMemModuleProcInternal 000000014002af54     mmLoader.obj
 0001:00029f54       $unwind$XXH32_endian_align 000000014002af54     fast-lzma2:xxhash.obj
 0001:00029f5c       $chain$4$GetMemModuleProcInternal 000000014002af5c     mmLoader.obj
 0001:00029f80       $chain$5$GetMemModuleProcInternal 000000014002af80     mmLoader.obj
 0001:00029f90       $chain$4$GetMemModuleProc  000000014002af90     mmLoader.obj
 0001:00029fb4       $chain$5$GetMemModuleProc  000000014002afb4     mmLoader.obj
 0001:00029fc4       $unwind$_GetProcAddress    000000014002afc4     mmLoader.obj
 0001:00029fc4       $unwind$LZMA2_getUnpackSize 000000014002afc4     fast-lzma2:lzma2_dec.obj
 0001:00029fc4       $unwind$LZMA_lengthStates_SetPrices 000000014002afc4     fast-lzma2:lzma2_enc.obj
 0001:00029fc4       $unwind$RMF_bitpackExtendMatch 000000014002afc4     fast-lzma2:lzma2_enc.obj
 0001:00029fc4       $unwind$RMF_structuredExtendMatch 000000014002afc4     fast-lzma2:lzma2_enc.obj
 0001:00029fc4       $unwind$RMF_handleRepeat   000000014002afc4     fast-lzma2:radix_mf.obj
 0001:00029fd4       $unwind$_GetModuleHandle   000000014002afd4     mmLoader.obj
 0001:00029fd4       $unwind$LZMA2_nextChunkInfo 000000014002afd4     fast-lzma2:lzma2_dec.obj
 0001:00029fd4       $unwind$LZMA2_parseInput   000000014002afd4     fast-lzma2:lzma2_dec.obj
 0001:00029fd4       $unwind$LZMA_getLiteralPriceMatched 000000014002afd4     fast-lzma2:lzma2_enc.obj
 0001:00029fd4       $unwind$LZMA_reverseOptimalChain 000000014002afd4     fast-lzma2:lzma2_enc.obj
 0001:00029fd4       $unwind$RMF_handleRepeat2  000000014002afd4     fast-lzma2:radix_bitpack.obj
 0001:00029fe0       $unwind$InitApiTable       000000014002afe0     mmLoader.obj
 0001:00029ffc       $chain$0$InitApiTable      000000014002affc     mmLoader.obj
 0001:0002a010       $chain$1$InitApiTable      000000014002b010     mmLoader.obj
 0001:0002a020       $unwind$MapMemModuleSections 000000014002b020     mmLoader.obj
 0001:0002a02c       $chain$4$MapMemModuleSections 000000014002b02c     mmLoader.obj
 0001:0002a050       $chain$8$MapMemModuleSections 000000014002b050     mmLoader.obj
 0001:0002a070       $chain$9$MapMemModuleSections 000000014002b070     mmLoader.obj
 0001:0002a080       $chain$11$MapMemModuleSections 000000014002b080     mmLoader.obj
 0001:0002a0a4       $chain$12$MapMemModuleSections 000000014002b0a4     mmLoader.obj
 0001:0002a0b4       $unwind$RelocateModuleBase 000000014002b0b4     mmLoader.obj
 0001:0002a0b4       $unwind$LZMA_writeRem      000000014002b0b4     fast-lzma2:lzma2_dec.obj
 0001:0002a0b4       $unwind$XXH32              000000014002b0b4     fast-lzma2:xxhash.obj
 0001:0002a0bc       $chain$0$RelocateModuleBase 000000014002b0bc     mmLoader.obj
 0001:0002a0d0       $chain$2$RelocateModuleBase 000000014002b0d0     mmLoader.obj
 0001:0002a0e4       $chain$5$RelocateModuleBase 000000014002b0e4     mmLoader.obj
 0001:0002a100       $chain$6$RelocateModuleBase 000000014002b100     mmLoader.obj
 0001:0002a110       $chain$7$RelocateModuleBase 000000014002b110     mmLoader.obj
 0001:0002a120       $unwind$ResolveImportTable 000000014002b120     mmLoader.obj
 0001:0002a128       $chain$2$ResolveImportTable 000000014002b128     mmLoader.obj
 0001:0002a144       $chain$6$ResolveImportTable 000000014002b144     mmLoader.obj
 0001:0002a164       $chain$7$ResolveImportTable 000000014002b164     mmLoader.obj
 0001:0002a174       $chain$9$ResolveImportTable 000000014002b174     mmLoader.obj
 0001:0002a1a0       $chain$10$ResolveImportTable 000000014002b1a0     mmLoader.obj
 0001:0002a1bc       $chain$11$ResolveImportTable 000000014002b1bc     mmLoader.obj
 0001:0002a1cc       $unwind$SetMemProtectStatus 000000014002b1cc     mmLoader.obj
 0001:0002a1d4       $chain$6$SetMemProtectStatus 000000014002b1d4     mmLoader.obj
 0001:0002a200       $chain$8$SetMemProtectStatus 000000014002b200     mmLoader.obj
 0001:0002a22c       $chain$9$SetMemProtectStatus 000000014002b22c     mmLoader.obj
 0001:0002a23c       $unwind$ExecuteTLSCallback 000000014002b23c     mmLoader.obj
 0001:0002a23c       $unwind$FL2_decompressBlock 000000014002b23c     fast-lzma2:fl2_decompress.obj
 0001:0002a23c       $unwind$FL2_setDStreamTimeout 000000014002b23c     fast-lzma2:fl2_decompress.obj
 0001:0002a23c       $unwind$LZMA_updateWithUncompressed 000000014002b23c     fast-lzma2:lzma2_dec.obj
 0001:0002a23c       $unwind$LZMA_hashCreate    000000014002b23c     fast-lzma2:lzma2_enc.obj
 0001:0002a23c       $unwind$RMF_memoryUsage    000000014002b23c     fast-lzma2:radix_mf.obj
 0001:0002a23c       $unwind$RC_encodeDirect    000000014002b23c     fast-lzma2:range_enc.obj
 0001:0002a23c       $unwind$UTIL_getSpanTimeMicro 000000014002b23c     fast-lzma2:util.obj
 0001:0002a23c       $unwind$UTIL_getSpanTimeNano 000000014002b23c     fast-lzma2:util.obj
 0001:0002a248       $unwind$GetExportedProcAddress 000000014002b248     mmLoader.obj
 0001:0002a260       $unwind$GetCRC32           000000014002b260     mmLoader.obj
 0001:0002a270       $unwind$mml_memset         000000014002b270     mmLoader.obj
 0001:0002a278       $unwind$?func_unpack@@YAXXZ 000000014002b278     stub.obj
 0001:0002a28c       $unwind$FL2_findDecompressedSize 000000014002b28c     fast-lzma2:fl2_decompress.obj
 0001:0002a2a0       $unwind$FL2_decompress     000000014002b2a0     fast-lzma2:fl2_decompress.obj
 0001:0002a2a0       $unwind$FL2_decompressMt   000000014002b2a0     fast-lzma2:fl2_decompress.obj
 0001:0002a2b8       $unwind$FL2_createDCtxMt   000000014002b2b8     fast-lzma2:fl2_decompress.obj
 0001:0002a2b8       $unwind$FL2_freeDCtx       000000014002b2b8     fast-lzma2:fl2_decompress.obj
 0001:0002a2c0       $chain$3$FL2_createDCtxMt  000000014002b2c0     fast-lzma2:fl2_decompress.obj
 0001:0002a2e0       $chain$5$FL2_createDCtxMt  000000014002b2e0     fast-lzma2:fl2_decompress.obj
 0001:0002a300       $chain$3$FL2_freeDCtx      000000014002b300     fast-lzma2:fl2_decompress.obj
 0001:0002a320       $chain$4$FL2_freeDCtx      000000014002b320     fast-lzma2:fl2_decompress.obj
 0001:0002a330       $unwind$FL2_decompressCtxBlock 000000014002b330     fast-lzma2:fl2_decompress.obj
 0001:0002a340       $chain$1$FL2_decompressCtxBlock 000000014002b340     fast-lzma2:fl2_decompress.obj
 0001:0002a358       $chain$2$FL2_decompressCtxBlock 000000014002b358     fast-lzma2:fl2_decompress.obj
 0001:0002a368       $unwind$FL2_decompressCtxBlocksMt 000000014002b368     fast-lzma2:fl2_decompress.obj
 0001:0002a380       $unwind$FL2_decompressDCtxMt 000000014002b380     fast-lzma2:fl2_decompress.obj
 0001:0002a39c       $unwind$FL2_decompressDCtx 000000014002b39c     fast-lzma2:fl2_decompress.obj
 0001:0002a3b8       $unwind$FL2_decompressInput 000000014002b3b8     fast-lzma2:fl2_decompress.obj
 0001:0002a3c4       $chain$0$FL2_decompressInput 000000014002b3c4     fast-lzma2:fl2_decompress.obj
 0001:0002a3d8       $chain$5$FL2_decompressInput 000000014002b3d8     fast-lzma2:fl2_decompress.obj
 0001:0002a3fc       $chain$6$FL2_decompressInput 000000014002b3fc     fast-lzma2:fl2_decompress.obj
 0001:0002a410       $chain$7$FL2_decompressInput 000000014002b410     fast-lzma2:fl2_decompress.obj
 0001:0002a420       $unwind$FL2_decompressOverlappedInput 000000014002b420     fast-lzma2:fl2_decompress.obj
 0001:0002a438       $unwind$LZMA2_freeInbufNodeChain 000000014002b438     fast-lzma2:fl2_decompress.obj
 0001:0002a444       $chain$1$LZMA2_freeInbufNodeChain 000000014002b444     fast-lzma2:fl2_decompress.obj
 0001:0002a45c       $chain$2$LZMA2_freeInbufNodeChain 000000014002b45c     fast-lzma2:fl2_decompress.obj
 0001:0002a46c       $unwind$LZMA2_freeExtraInbufNodes 000000014002b46c     fast-lzma2:fl2_decompress.obj
 0001:0002a474       $chain$0$LZMA2_freeExtraInbufNodes 000000014002b474     fast-lzma2:fl2_decompress.obj
 0001:0002a488       $chain$1$LZMA2_freeExtraInbufNodes 000000014002b488     fast-lzma2:fl2_decompress.obj
 0001:0002a498       $unwind$FL2_decompressStream 000000014002b498     fast-lzma2:fl2_decompress.obj
 0001:0002a498       $unwind$FL2_freeOutputBuffers 000000014002b498     fast-lzma2:fl2_decompress.obj
 0001:0002a4a8       $chain$0$FL2_freeOutputBuffers 000000014002b4a8     fast-lzma2:fl2_decompress.obj
 0001:0002a4bc       $chain$1$FL2_freeOutputBuffers 000000014002b4bc     fast-lzma2:fl2_decompress.obj
 0001:0002a4cc       $unwind$FL2_lzma2DecMt_cleanup 000000014002b4cc     fast-lzma2:fl2_decompress.obj
 0001:0002a4d4       $chain$0$FL2_lzma2DecMt_cleanup 000000014002b4d4     fast-lzma2:fl2_decompress.obj
 0001:0002a4e8       $chain$1$FL2_lzma2DecMt_cleanup 000000014002b4e8     fast-lzma2:fl2_decompress.obj
 0001:0002a4f8       $chain$0$FL2_lzma2DecMt_free 000000014002b4f8     fast-lzma2:fl2_decompress.obj
 0001:0002a50c       $chain$1$FL2_lzma2DecMt_free 000000014002b50c     fast-lzma2:fl2_decompress.obj
 0001:0002a51c       $chain$0$FL2_lzma2DecMt_init 000000014002b51c     fast-lzma2:fl2_decompress.obj
 0001:0002a530       $chain$1$FL2_lzma2DecMt_init 000000014002b530     fast-lzma2:fl2_decompress.obj
 0001:0002a544       $chain$2$FL2_lzma2DecMt_init 000000014002b544     fast-lzma2:fl2_decompress.obj
 0001:0002a554       $chain$3$FL2_lzma2DecMt_init 000000014002b554     fast-lzma2:fl2_decompress.obj
 0001:0002a564       $unwind$FL2_lzma2DecMt_create 000000014002b564     fast-lzma2:fl2_decompress.obj
 0001:0002a57c       $unwind$FL2_parseMt        000000014002b57c     fast-lzma2:fl2_decompress.obj
 0001:0002a588       $chain$0$FL2_parseMt       000000014002b588     fast-lzma2:fl2_decompress.obj
 0001:0002a59c       $chain$4$FL2_parseMt       000000014002b59c     fast-lzma2:fl2_decompress.obj
 0001:0002a5bc       $chain$5$FL2_parseMt       000000014002b5bc     fast-lzma2:fl2_decompress.obj
 0001:0002a5cc       $chain$6$FL2_parseMt       000000014002b5cc     fast-lzma2:fl2_decompress.obj
 0001:0002a5dc       $unwind$FL2_decompressBlockMt 000000014002b5dc     fast-lzma2:fl2_decompress.obj
 0001:0002a5f0       $chain$1$FL2_decompressBlockMt 000000014002b5f0     fast-lzma2:fl2_decompress.obj
 0001:0002a608       $unwind$FL2_writeStreamBlocks 000000014002b608     fast-lzma2:fl2_decompress.obj
 0001:0002a61c       $chain$0$FL2_writeStreamBlocks 000000014002b61c     fast-lzma2:fl2_decompress.obj
 0001:0002a630       $chain$1$FL2_writeStreamBlocks 000000014002b630     fast-lzma2:fl2_decompress.obj
 0001:0002a640       $unwind$FL2_handleFinalChunkMt 000000014002b640     fast-lzma2:fl2_decompress.obj
 0001:0002a640       $unwind$LZMA2_reset        000000014002b640     fast-lzma2:lzma2_enc.obj
 0001:0002a640       $unwind$LZMA_encodeRepMatchShort 000000014002b640     fast-lzma2:lzma2_enc.obj
 0001:0002a650       $unwind$FL2_loadInputMt    000000014002b650     fast-lzma2:fl2_decompress.obj
 0001:0002a66c       $unwind$FL2_decompressFailedMt 000000014002b66c     fast-lzma2:fl2_decompress.obj
 0001:0002a67c       $chain$0$FL2_decompressFailedMt 000000014002b67c     fast-lzma2:fl2_decompress.obj
 0001:0002a690       $chain$1$FL2_decompressFailedMt 000000014002b690     fast-lzma2:fl2_decompress.obj
 0001:0002a6a0       $unwind$FL2_decompressStreamMt 000000014002b6a0     fast-lzma2:fl2_decompress.obj
 0001:0002a6bc       $chain$3$FL2_decompressStreamMt 000000014002b6bc     fast-lzma2:fl2_decompress.obj
 0001:0002a6d0       $chain$4$FL2_decompressStreamMt 000000014002b6d0     fast-lzma2:fl2_decompress.obj
 0001:0002a6e0       $unwind$FL2_createDStream  000000014002b6e0     fast-lzma2:fl2_decompress.obj
 0001:0002a6e0       $unwind$FL2_estimateDCtxSize 000000014002b6e0     fast-lzma2:fl2_decompress.obj
 0001:0002a6e0       $unwind$FL2_pthread_join   000000014002b6e0     fast-lzma2:fl2_threading.obj
[...]
 0001:0002b45c       $chain$4$RMF_recurseListsBuffered 000000014002c45c     fast-lzma2:radix_struct.obj
 0001:0002b480       $chain$5$RMF_recurseListsBuffered 000000014002c480     fast-lzma2:radix_struct.obj
 0001:0002b490       $unwind$RMF_recurseListsBound 000000014002c490     fast-lzma2:radix_struct.obj
 0001:0002b498       $chain$0$RMF_recurseListsBound 000000014002c498     fast-lzma2:radix_struct.obj
 0001:0002b4ac       $chain$6$RMF_recurseListsBound 000000014002c4ac     fast-lzma2:radix_struct.obj
 0001:0002b4d4       $chain$7$RMF_recurseListsBound 000000014002c4d4     fast-lzma2:radix_struct.obj
 0001:0002b4f0       $chain$8$RMF_recurseListsBound 000000014002c4f0     fast-lzma2:radix_struct.obj
 0001:0002b500       $unwind$RMF_bruteForce     000000014002c500     fast-lzma2:radix_struct.obj
 0001:0002b518       $unwind$RMF_recurseLists16 000000014002c518     fast-lzma2:radix_bitpack.obj
 0001:0002b518       $unwind$RMF_recurseLists16 000000014002c518     fast-lzma2:radix_struct.obj
 0001:0002b530       $unwind$RMF_bitpackBuildTable 000000014002c530     fast-lzma2:radix_bitpack.obj
 0001:0002b530       $unwind$RMF_structuredBuildTable 000000014002c530     fast-lzma2:radix_struct.obj
 0001:0002b540       $chain$3$RMF_structuredBuildTable 000000014002c540     fast-lzma2:radix_struct.obj
 0001:0002b560       $chain$4$RMF_structuredBuildTable 000000014002c560     fast-lzma2:radix_struct.obj
 0001:0002b570       $unwind$RMF_structuredIntegrityCheck 000000014002c570     fast-lzma2:radix_struct.obj
 0001:0002b580       $chain$2$RMF_structuredIntegrityCheck 000000014002c580     fast-lzma2:radix_struct.obj
 0001:0002b59c       $chain$3$RMF_structuredIntegrityCheck 000000014002c59c     fast-lzma2:radix_struct.obj
 0001:0002b5ac       $unwind$RMF_bitpackInit    000000014002c5ac     fast-lzma2:radix_bitpack.obj
 0001:0002b5c0       $chain$4$RMF_bitpackInit   000000014002c5c0     fast-lzma2:radix_bitpack.obj
 0001:0002b5d8       $chain$5$RMF_bitpackInit   000000014002c5d8     fast-lzma2:radix_bitpack.obj
 0001:0002b5e8       $unwind$RMF_recurseListsBuffered 000000014002c5e8     fast-lzma2:radix_bitpack.obj
 0001:0002b5f8       $chain$3$RMF_recurseListsBuffered 000000014002c5f8     fast-lzma2:radix_bitpack.obj
 0001:0002b618       $chain$4$RMF_recurseListsBuffered 000000014002c618     fast-lzma2:radix_bitpack.obj
 0001:0002b628       $unwind$RMF_recurseListsBound 000000014002c628     fast-lzma2:radix_bitpack.obj
 0001:0002b634       $chain$5$RMF_recurseListsBound 000000014002c634     fast-lzma2:radix_bitpack.obj
 0001:0002b65c       $chain$6$RMF_recurseListsBound 000000014002c65c     fast-lzma2:radix_bitpack.obj
 0001:0002b674       $chain$7$RMF_recurseListsBound 000000014002c674     fast-lzma2:radix_bitpack.obj
 0001:0002b684       $unwind$RMF_bruteForce     000000014002c684     fast-lzma2:radix_bitpack.obj
 0001:0002b69c       $chain$3$RMF_bitpackBuildTable 000000014002c69c     fast-lzma2:radix_bitpack.obj
 0001:0002b6bc       $chain$4$RMF_bitpackBuildTable 000000014002c6bc     fast-lzma2:radix_bitpack.obj
 0001:0002b6cc       $unwind$RMF_bitpackIntegrityCheck 000000014002c6cc     fast-lzma2:radix_bitpack.obj
 0001:0002b6dc       $chain$2$RMF_bitpackIntegrityCheck 000000014002c6dc     fast-lzma2:radix_bitpack.obj
 0001:0002b6f8       $chain$3$RMF_bitpackIntegrityCheck 000000014002c6f8     fast-lzma2:radix_bitpack.obj
 0001:0002b708       $unwind$crt_init           000000014002c708     msvcrt:pe_resolver.obj
 0001:0002b710       $unwind$memset             000000014002c710     msvcrt:pe_resolver.obj
 0001:0002b718       $unwind$malloc             000000014002c718     msvcrt:pe_resolver.obj
 0001:0002b720       $unwind$calloc             000000014002c720     msvcrt:pe_resolver.obj
 0001:0002b728       $unwind$realloc            000000014002c728     msvcrt:pe_resolver.obj
 0001:0002b730       $unwind$free               000000014002c730     msvcrt:pe_resolver.obj
 0001:0002b738       $unwind$memcpy             000000014002c738     msvcrt:pe_resolver.obj
 0001:0002b740       $unwind$memmove            000000014002c740     msvcrt:pe_resolver.obj
 0001:0002b748       $unwind$exit               000000014002c748     msvcrt:pe_resolver.obj
 0001:0002b750       $unwind$perror             000000014002c750     msvcrt:pe_resolver.obj
 0001:0002b758       $unwind$time               000000014002c758     msvcrt:pe_resolver.obj
 0001:0002b760       $unwind$utime              000000014002c760     msvcrt:pe_resolver.obj
 0001:0002b768       $unwind$_time64            000000014002c768     msvcrt:pe_resolver.obj
 0001:0002b770       $unwind$_utime64           000000014002c770     msvcrt:pe_resolver.obj
 0001:0002b778       $unwind$_errno             000000014002c778     msvcrt:pe_resolver.obj
 0001:0002b780       $unwind$_stat64            000000014002c780     msvcrt:pe_resolver.obj
 0001:0002b788       $unwind$_chmod             000000014002c788     msvcrt:pe_resolver.obj
 0001:0002b790       $unwind$strlen             000000014002c790     msvcrt:pe_resolver.obj
 0001:0002b798       $unwind$strcmp             000000014002c798     msvcrt:pe_resolver.obj
 0001:0002b7a0       $unwind$_beginthreadex     000000014002c7a0     msvcrt:pe_resolver.obj
 0001:0002b7a8       $unwind$__acrt_iob_func    000000014002c7a8     msvcrt:pe_resolver.obj
 0001:0002b7b0       $unwind$__stdio_common_vfprintf 000000014002c7b0     msvcrt:pe_resolver.obj
 0001:0002b7b8       $unwind$?_crt_init@@YAXXZ  000000014002c7b8     msvcrt:pe_resolver_funcs.obj
 0001:0002b7c0       $unwind$?_memset@@YAPEAXPEAXH_K@Z 000000014002c7c0     msvcrt:pe_resolver_funcs.obj
 0001:0002b7c8       $unwind$?h_malloc@@YAPEAX_K@Z 000000014002c7c8     msvcrt:pe_resolver_funcs.obj
 0001:0002b7d0       $unwind$?h_calloc@@YAPEAX_K0@Z 000000014002c7d0     msvcrt:pe_resolver_funcs.obj
 0001:0002b7d8       $unwind$?h_realloc@@YAPEAXPEAX_K@Z 000000014002c7d8     msvcrt:pe_resolver_funcs.obj
 0001:0002b7e0       $unwind$?h_free@@YAXPEAX@Z 000000014002c7e0     msvcrt:pe_resolver_funcs.obj
 0001:0002b7e8       $unwind$?h_memcpy@@YAPEAXPEAXPEBX_K@Z 000000014002c7e8     msvcrt:pe_resolver_funcs.obj
 0001:0002b7f0       $unwind$?h_memset@@YAPEAXPEAXH_K@Z 000000014002c7f0     msvcrt:pe_resolver_funcs.obj
 0001:0002b7f8       $unwind$?h_memmove@@YAPEAXPEAXPEBX_K@Z 000000014002c7f8     msvcrt:pe_resolver_funcs.obj
 0001:0002b800       $unwind$?h_exit@@YAXH@Z    000000014002c800     msvcrt:pe_resolver_funcs.obj
 0001:0002b808       $unwind$?h_perror@@YAXPEBD@Z 000000014002c808     msvcrt:pe_resolver_funcs.obj
 0001:0002b810       $unwind$?h_stat64@@YAHPEBDPEAX@Z 000000014002c810     msvcrt:pe_resolver_funcs.obj
 0001:0002b818       $unwind$?h_time@@YA_JPEA_J@Z 000000014002c818     msvcrt:pe_resolver_funcs.obj
 0001:0002b820       $unwind$?h_utime@@YAHPEBDPEAX@Z 000000014002c820     msvcrt:pe_resolver_funcs.obj
 0001:0002b828       $unwind$?h_time64@@YA_JPEA_J@Z 000000014002c828     msvcrt:pe_resolver_funcs.obj
 0001:0002b830       $unwind$?h_utime64@@YAHPEBDPEAX@Z 000000014002c830     msvcrt:pe_resolver_funcs.obj
 0001:0002b838       $unwind$?h__errno@@YAHXZ   000000014002c838     msvcrt:pe_resolver_funcs.obj
 0001:0002b840       $unwind$?h_set_errno@@YAXH@Z 000000014002c840     msvcrt:pe_resolver_funcs.obj
 0001:0002b848       $unwind$?h_chmod@@YAHPEBDH@Z 000000014002c848     msvcrt:pe_resolver_funcs.obj
 0001:0002b850       $unwind$?h_strlen@@YA_JPEBD@Z 000000014002c850     msvcrt:pe_resolver_funcs.obj
 0001:0002b858       $unwind$?h_strcmp@@YAHPEBD0@Z 000000014002c858     msvcrt:pe_resolver_funcs.obj
 0001:0002b860       $unwind$?h_beginthreadex@@YAPEAXPEAXI00IPEAI@Z 000000014002c860     msvcrt:pe_resolver_funcs.obj
 0001:0002b868       $unwind$?h_acrt_iob_func@@YAPEAXI@Z 000000014002c868     msvcrt:pe_resolver_funcs.obj
 0001:0002b870       $unwind$?h_stdio_common_vfprintf@@YAH_KPEAXPEBD1PEAD@Z 000000014002c870     msvcrt:pe_resolver_funcs.obj
 0001:0002b878       $unwind$?image_export_dir@detail@li@@YAPEBUIMAGE_EXPORT_DIRECTORY@win@12@_K@Z 000000014002c878     msvcrt:pe_resolver_funcs.obj
 0001:0002b880       $unwind$??0exports_directory@detail@li@@QEAA@_K@Z 000000014002c880     msvcrt:pe_resolver_funcs.obj
 0001:0002b888       $unwind$??Bexports_directory@detail@li@@QEBA_NXZ 000000014002c888     msvcrt:pe_resolver_funcs.obj
 0001:0002b890       $unwind$?address@exports_directory@detail@li@@QEBA_KK@Z 000000014002c890     msvcrt:pe_resolver_funcs.obj
 0001:0002b898       $unwind$??$hash@D@detail@li@@YAIPEBD@Z 000000014002c898     msvcrt:pe_resolver_funcs.obj
 0001:0002b8a0       $unwind$??$find_nocache@$0FDLCAHAP@@detail@li@@YA_KXZ 000000014002c8a0     msvcrt:pe_resolver_funcs.obj
 0001:0002b8a8       $unwind$?crypt_get@?$xor_string@$$CBD$0N@U?$integer_sequence@_K$0DGOABJPHLAINMJHJ@$0EBICPDAKLHJJMDEO@@std@@U?$integer_sequence@_K$0A@$00@2@@jm@@QEAAPEBDXZ 000000014002c8a8     kernel32:pe_resolver_k32_funcs.obj
 0001:0002b8a8       $unwind$?crypt_get@?$xor_string@$$CBD$0L@U?$integer_sequence@_K$0HINDLFOKCAMBKMDD@$0?HAKIOIGLIEJGGM@@std@@U?$integer_sequence@_K$0A@$00@2@@jm@@QEAAPEBDXZ 000000014002c8a8     msvcrt:pe_resolver_funcs.obj
 0001:0002b8b4       $unwind$??$find_in_module@$0CHMFPGIB@@detail@li@@YA_K_K@Z 000000014002c8b4     kernel32:pe_resolver_k32_funcs.obj
 0001:0002b8b4       $unwind$??$find_in_module@$0CPKGCMKI@@detail@li@@YA_K_K@Z 000000014002c8b4     kernel32:pe_resolver_k32_funcs.obj
 0001:0002b8b4       $unwind$??$find_in_module@$0FAFGNPDH@@detail@li@@YA_K_K@Z 000000014002c8b4     kernel32:pe_resolver_k32_funcs.obj
 0001:0002b8b4       $unwind$??$find_in_module@$0GPENBDJI@@detail@li@@YA_K_K@Z 000000014002c8b4     kernel32:pe_resolver_k32_funcs.obj
 0001:0002b8b4       $unwind$??$find_in_module@$0HBJEIMKE@@detail@li@@YA_K_K@Z 000000014002c8b4     kernel32:pe_resolver_k32_funcs.obj
 0001:0002b8b4       $unwind$??$find_in_module@$0JBNJMLOC@@detail@li@@YA_K_K@Z 000000014002c8b4     kernel32:pe_resolver_k32_funcs.obj
 0001:0002b8b4       $unwind$??$find_in_module@$0LBAOAIFB@@detail@li@@YA_K_K@Z 000000014002c8b4     kernel32:pe_resolver_k32_funcs.obj
 0001:0002b8b4       $unwind$??$find_in_module@$0LEEINFNE@@detail@li@@YA_K_K@Z 000000014002c8b4     kernel32:pe_resolver_k32_funcs.obj
 0001:0002b8b4       $unwind$??$find_in_module@$0LGPLGBCG@@detail@li@@YA_K_K@Z 000000014002c8b4     kernel32:pe_resolver_k32_funcs.obj
 0001:0002b8b4       $unwind$??$find_in_module@$0MHANNDEA@@detail@li@@YA_K_K@Z 000000014002c8b4     kernel32:pe_resolver_k32_funcs.obj
 0001:0002b8b4       $unwind$??$find_in_module@$0NCGDLNOG@@detail@li@@YA_K_K@Z 000000014002c8b4     kernel32:pe_resolver_k32_funcs.obj
 0001:0002b8b4       $unwind$??$find_in_module@$0NHEICPFF@@detail@li@@YA_K_K@Z 000000014002c8b4     kernel32:pe_resolver_k32_funcs.obj
 0001:0002b8b4       $unwind$??$find_in_module@$0NKHKEJJL@@detail@li@@YA_K_K@Z 000000014002c8b4     kernel32:pe_resolver_k32_funcs.obj
 0001:0002b8b4       $unwind$??$find_in_module@$0NNDFMGOG@@detail@li@@YA_K_K@Z 000000014002c8b4     kernel32:pe_resolver_k32_funcs.obj
 0001:0002b8b4       $unwind$??$find_in_module@$0ODHDFPFC@@detail@li@@YA_K_K@Z 000000014002c8b4     kernel32:pe_resolver_k32_funcs.obj
 0001:0002b8b4       $unwind$??$find_in_module@$0OEGDNKDM@@detail@li@@YA_K_K@Z 000000014002c8b4     kernel32:pe_resolver_k32_funcs.obj
 0001:0002b8b4       $unwind$??$find_in_module@$0OJBLEAHH@@detail@li@@YA_K_K@Z 000000014002c8b4     kernel32:pe_resolver_k32_funcs.obj
 0001:0002b8b4       $unwind$??$find_in_module@$0PIPEFHCF@@detail@li@@YA_K_K@Z 000000014002c8b4     kernel32:pe_resolver_k32_funcs.obj
 0001:0002b8b4       $unwind$??$find_in_module@$0PJIODBAF@@detail@li@@YA_K_K@Z 000000014002c8b4     kernel32:pe_resolver_k32_funcs.obj
 0001:0002b8b4       $unwind$??$find_in_module@$0PNNDEJPH@@detail@li@@YA_K_K@Z 000000014002c8b4     kernel32:pe_resolver_k32_funcs.obj
 0001:0002b8b4       $unwind$??$find_in_module@$0BADGCPBK@@detail@li@@YA_K_K@Z 000000014002c8b4     msvcrt:pe_resolver_funcs.obj
 0001:0002b8b4       $unwind$??$find_in_module@$0BAIBLIL@@detail@li@@YA_K_K@Z 000000014002c8b4     msvcrt:pe_resolver_funcs.obj
 0001:0002b8b4       $unwind$??$find_in_module@$0CBMPGEFC@@detail@li@@YA_K_K@Z 000000014002c8b4     msvcrt:pe_resolver_funcs.obj
 0001:0002b8b4       $unwind$??$find_in_module@$0DAHMMAAG@@detail@li@@YA_K_K@Z 000000014002c8b4     msvcrt:pe_resolver_funcs.obj
 0001:0002b8b4       $unwind$??$find_in_module@$0EKIOLLBF@@detail@li@@YA_K_K@Z 000000014002c8b4     msvcrt:pe_resolver_funcs.obj
 0001:0002b8b4       $unwind$??$find_in_module@$0EPIHDMOG@@detail@li@@YA_K_K@Z 000000014002c8b4     msvcrt:pe_resolver_funcs.obj
 0001:0002b8b4       $unwind$??$find_in_module@$0FFIMCHEN@@detail@li@@YA_K_K@Z 000000014002c8b4     msvcrt:pe_resolver_funcs.obj
 0001:0002b8b4       $unwind$??$find_in_module@$0FILKDNJH@@detail@li@@YA_K_K@Z 000000014002c8b4     msvcrt:pe_resolver_funcs.obj
 0001:0002b8b4       $unwind$??$find_in_module@$0FNDMJLOE@@detail@li@@YA_K_K@Z 000000014002c8b4     msvcrt:pe_resolver_funcs.obj
 0001:0002b8b4       $unwind$??$find_in_module@$0HDOCACAD@@detail@li@@YA_K_K@Z 000000014002c8b4     msvcrt:pe_resolver_funcs.obj
 0001:0002b8b4       $unwind$??$find_in_module@$0HELPNHFP@@detail@li@@YA_K_K@Z 000000014002c8b4     msvcrt:pe_resolver_funcs.obj
 0001:0002b8b4       $unwind$??$find_in_module@$0IPLDJBEG@@detail@li@@YA_K_K@Z 000000014002c8b4     msvcrt:pe_resolver_funcs.obj
 0001:0002b8b4       $unwind$??$find_in_module@$0JJLDOONL@@detail@li@@YA_K_K@Z 000000014002c8b4     msvcrt:pe_resolver_funcs.obj
 0001:0002b8b4       $unwind$??$find_in_module@$0JNDGHAJE@@detail@li@@YA_K_K@Z 000000014002c8b4     msvcrt:pe_resolver_funcs.obj
 0001:0002b8b4       $unwind$??$find_in_module@$0KEFMOMGE@@detail@li@@YA_K_K@Z 000000014002c8b4     msvcrt:pe_resolver_funcs.obj
 0001:0002b8b4       $unwind$??$find_in_module@$0LCHMNEEC@@detail@li@@YA_K_K@Z 000000014002c8b4     msvcrt:pe_resolver_funcs.obj
 0001:0002b8b4       $unwind$??$find_in_module@$0LEJLCEKJ@@detail@li@@YA_K_K@Z 000000014002c8b4     msvcrt:pe_resolver_funcs.obj
 0001:0002b8b4       $unwind$??$find_in_module@$0LPCGLDEF@@detail@li@@YA_K_K@Z 000000014002c8b4     msvcrt:pe_resolver_funcs.obj
 0001:0002b8b4       $unwind$??$find_in_module@$0MLIAMMAG@@detail@li@@YA_K_K@Z 000000014002c8b4     msvcrt:pe_resolver_funcs.obj
 0001:0002b8b4       $unwind$??$find_in_module@$0MNONBKIF@@detail@li@@YA_K_K@Z 000000014002c8b4     msvcrt:pe_resolver_funcs.obj
 0001:0002b8b4       $unwind$??$find_in_module@$0ONFJOEAH@@detail@li@@YA_K_K@Z 000000014002c8b4     msvcrt:pe_resolver_funcs.obj
 0001:0002b8bc       $unwind$??$find_nocache@Uallow_all_modules@detail@li@@@detail@li@@YA_KIUallow_all_modules@01@@Z 000000014002c8bc     msvcrt:pe_resolver_funcs.obj
 0001:0002b8c4       $unwind$k32_init           000000014002c8c4     kernel32:pe_resolver_k32.obj
 0001:0002b8cc       $unwind$WaitForSingleObject 000000014002c8cc     kernel32:pe_resolver_k32.obj
 0001:0002b8d4       $unwind$GetLastError       000000014002c8d4     kernel32:pe_resolver_k32.obj
 0001:0002b8dc       $unwind$GetProcAddress     000000014002c8dc     kernel32:pe_resolver_k32.obj
 0001:0002b8e4       $unwind$Sleep              000000014002c8e4     kernel32:pe_resolver_k32.obj
 0001:0002b8ec       $unwind$InitializeCriticalSection 000000014002c8ec     kernel32:pe_resolver_k32.obj
 0001:0002b8f4       $unwind$DeleteCriticalSection 000000014002c8f4     kernel32:pe_resolver_k32.obj
 0001:0002b8fc       $unwind$EnterCriticalSection 000000014002c8fc     kernel32:pe_resolver_k32.obj
 0001:0002b904       $unwind$LeaveCriticalSection 000000014002c904     kernel32:pe_resolver_k32.obj
 0001:0002b90c       $unwind$InitializeConditionVariable 000000014002c90c     kernel32:pe_resolver_k32.obj
 0001:0002b914       $unwind$WakeConditionVariable 000000014002c914     kernel32:pe_resolver_k32.obj
 0001:0002b91c       $unwind$WakeAllConditionVariable 000000014002c91c     kernel32:pe_resolver_k32.obj
 0001:0002b924       $unwind$SleepConditionVariableCS 000000014002c924     kernel32:pe_resolver_k32.obj
 0001:0002b92c       $unwind$FindClose          000000014002c92c     kernel32:pe_resolver_k32.obj
 0001:0002b934       $unwind$FindFirstFileA     000000014002c934     kernel32:pe_resolver_k32.obj
 0001:0002b93c       $unwind$FindNextFileA      000000014002c93c     kernel32:pe_resolver_k32.obj
 0001:0002b944       $unwind$QueryPerformanceCounter 000000014002c944     kernel32:pe_resolver_k32.obj
 0001:0002b94c       $unwind$QueryPerformanceFrequency 000000014002c94c     kernel32:pe_resolver_k32.obj
 0001:0002b954       $unwind$GetSystemInfo      000000014002c954     kernel32:pe_resolver_k32.obj
 0001:0002b95c       $unwind$GetModuleHandleW   000000014002c95c     kernel32:pe_resolver_k32.obj
 0001:0002b964       $unwind$GetModuleHandleA   000000014002c964     kernel32:pe_resolver_k32.obj
 0001:0002b96c       $unwind$K32_InitializeConditionVariable 000000014002c96c     kernel32:pe_resolver_k32.obj
 0001:0002b974       $unwind$?_k32_init@@YAXXZ  000000014002c974     kernel32:pe_resolver_k32_funcs.obj
 0001:0002b97c       $unwind$?h_GetLastError@@YAKXZ 000000014002c97c     kernel32:pe_resolver_k32_funcs.obj
 0001:0002b984       $unwind$?h_GetProcAddress@@YAPEAXPEAXPEBD@Z 000000014002c984     kernel32:pe_resolver_k32_funcs.obj
 0001:0002b98c       $unwind$?h_WaitForSingleObject@@YAKPEAXK@Z 000000014002c98c     kernel32:pe_resolver_k32_funcs.obj
 0001:0002b994       $unwind$?h_Sleep@@YAXK@Z   000000014002c994     kernel32:pe_resolver_k32_funcs.obj
 0001:0002b99c       $unwind$?h_InitializeCriticalSection@@YAXPEAX@Z 000000014002c99c     kernel32:pe_resolver_k32_funcs.obj
 0001:0002b9a4       $unwind$?h_DeleteCriticalSection@@YAXPEAX@Z 000000014002c9a4     kernel32:pe_resolver_k32_funcs.obj
 0001:0002b9ac       $unwind$?h_EnterCriticalSection@@YAXPEAX@Z 000000014002c9ac     kernel32:pe_resolver_k32_funcs.obj
 0001:0002b9b4       $unwind$?h_LeaveCriticalSection@@YAXPEAX@Z 000000014002c9b4     kernel32:pe_resolver_k32_funcs.obj
 0001:0002b9bc       $unwind$?h_InitializeConditionVariable@@YAXPEAX@Z 000000014002c9bc     kernel32:pe_resolver_k32_funcs.obj
 0001:0002b9c4       $unwind$?h_WakeConditionVariable@@YAXPEAX@Z 000000014002c9c4     kernel32:pe_resolver_k32_funcs.obj
 0001:0002b9cc       $unwind$?h_WakeAllConditionVariable@@YAXPEAX@Z 000000014002c9cc     kernel32:pe_resolver_k32_funcs.obj
 0001:0002b9d4       $unwind$?h_SleepConditionVariableCS@@YAHPEAX0K@Z 000000014002c9d4     kernel32:pe_resolver_k32_funcs.obj
 0001:0002b9dc       $unwind$?h_FindClose@@YAHPEAX@Z 000000014002c9dc     kernel32:pe_resolver_k32_funcs.obj
 0001:0002b9e4       $unwind$?h_FindFirstFileA@@YAPEAXPEBDPEAX@Z 000000014002c9e4     kernel32:pe_resolver_k32_funcs.obj
 0001:0002b9ec       $unwind$?h_FindNextFileA@@YAHPEAX0@Z 000000014002c9ec     kernel32:pe_resolver_k32_funcs.obj
 0001:0002b9f4       $unwind$?h_QueryPerformanceCounter@@YAHPEAX@Z 000000014002c9f4     kernel32:pe_resolver_k32_funcs.obj
 0001:0002b9fc       $unwind$?h_QueryPerformanceFrequency@@YAHPEAX@Z 000000014002c9fc     kernel32:pe_resolver_k32_funcs.obj
 0001:0002ba04       $unwind$?h_GetSystemInfo@@YAXPEAX@Z 000000014002ca04     kernel32:pe_resolver_k32_funcs.obj
 0001:0002ba0c       $unwind$?h_GetModuleHandleW@@YAPEAXPEB_W@Z 000000014002ca0c     kernel32:pe_resolver_k32_funcs.obj
 0001:0002ba14       $unwind$?h_GetModuleHandleA@@YAPEAXPEBD@Z 000000014002ca14     kernel32:pe_resolver_k32_funcs.obj
 0001:0002ba38       ?ticksPerSecond@?1??UTIL_getSpanTimeNano@@9@9 000000014002ca38     fast-lzma2:util.obj
 0001:0002ba40       ?numPhysicalCores@?1??UTIL_countPhysicalCores@@9@9 000000014002ca40     fast-lzma2:util.obj
 0001:0002ba44       ?init@?1??UTIL_getSpanTimeMicro@@9@9 000000014002ca44     fast-lzma2:util.obj
 0001:0002ba48       ?ticksPerSecond@?1??UTIL_getSpanTimeMicro@@9@9 000000014002ca48     fast-lzma2:util.obj
 0001:0002ba50       ?init@?1??UTIL_getSpanTimeNano@@9@9 000000014002ca50     fast-lzma2:util.obj
